=== NLTK benchmark ===

=== D1 word_tokenize ===
  PASS  has tokens
  PASS  first token=Hello
  PASS  static alias works
  PASS  treebank tokenize

=== D2 sent_tokenize ===
  PASS  3 sentences
  PASS  static alias works

=== D3 Porter / Snowball / Lancaster stem ===
  PASS  porter running -> run
  PASS  porter happiness -> happi
  PASS  snowball running -> run
  PASS  lancaster happiness -> happy
  PASS  static facade
  PASS  snowball facade
  PASS  lancaster facade

=== D4 FreqDist ===
  PASS  count a=3
  PASS  count b=1
  PASS  N=5
  PASS  freq(a)>freq(b)
  PASS  hapaxes size
  PASS  most_common first
  PASS  freqDist from facade

=== D5 sentence_bleu ===
  PASS  identical sentences ~= 1.0
  PASS  different sentences < 1.0
  PASS  bleu facade

=== D6 edit_distance ===
  PASS  kitten->sitting dist=3
  PASS  identical dist=0
  PASS  static alias

=== D7 pos_tag ===
  PASS  tagged size == tokens
  PASS  each token has tag
  PASS  regex tagger class
  PASS  facade tag

=== D8 ngrams / bigrams ===
  PASS  2 bigrams
  PASS  first bigram a,b
  PASS  3-grams size=2
  PASS  everygrams has bigrams
  PASS  facade bigrams

=== D9 SimpleLexicon ===
  PASS  lex size>0
  PASS  dog synsets non-empty
  PASS  dog lemmas contains dog
  PASS  car,dog NOT synonyms
  PASS  car,auto synonyms
  PASS  nltk.wordnet()

=== D10 Compose pipeline ===
  PASS  pipeline: tokens stemmed
  PASS  pipeline: all tagged
  PASS  info string non-empty

=== D11 ConditionalFreqDist + FreqDist extras ===
  PASS  CFD conditions has N,V
  PASS  CFD N count dog=2
  PASS  CFD V N=3
  PASS  CFD total N=6
  PASS  CFD asMap size=2
  PASS  FreqDist empty ctor + inc
  PASS  mostCommon all
  PASS  counts map
  PASS  plotData length=B
  PASS  toString
  PASS  version

=== D12 Tokenizer / Tagger classes direct ===
  PASS  WordPunct instance
  PASS  WordPunct static
  PASS  Treebank instance
  PASS  Treebank static
  PASS  SentTokenizer instance
  PASS  SentTokenizer static
  PASS  RegexpTagger tag size
  PASS  tagMap
  PASS  defaultRules non-empty
  PASS  custom RegexpTagger
  PASS  Snowball default lang
  PASS  Snowball other lang still stems

=== D13 BleuScore corpus + EditDistance.similarity + ngram extras ===
  PASS  BleuScore.sentenceBleu identical
  PASS  BleuScore multi-ref
  PASS  corpusBleu
  PASS  EditDistance.editDistance
  PASS  EditDistance.similarity identical=1
  PASS  EditDistance.similarity diff<1
  PASS  trigrams
  PASS  everygrams default
  PASS  padLeft
  PASS  Nltk.ngrams facade

=== D14 stress throughput ===
  PASS  stress tokenized > 0
  INFO  100x word+sent tokenize took 12 ms totalUnits=55000
  INFO  porter stem x500 took 2 ms
  PASS  stem stress ok
  PASS  big FreqDist N
  PASS  lexicon still ok under load

============================================================
NLTK  passed=81  failed=0
============================================================
ALL DIMENSIONS GREEN
