=== Ragas benchmark ===

=== D1 EvaluationDataset schema ===
  PASS  size=2
  PASS  get(0) userInput
  PASS  get(1) contexts size>0
  PASS  empty size=0
  PASS  of factory

=== D2 faithfulness range [0,1] ===
  PASS  faithfulness in [0,1]
  PASS  perfect faithfulness ~= 1
  PASS  empty response faithfulness=0

=== D3 answer_relevancy ===
  PASS  relevancy in [0,1]
  PASS  self relevancy high

=== D4 context_precision / recall ===
  PASS  precision in [0,1]
  PASS  recall in [0,1]
  PASS  empty ctx precision=0
  PASS  empty ctx recall=0

=== D5 answer_correctness / similarity ===
  PASS  correctness in [0,1]
  PASS  similarity in [0,1]

=== D6 evaluate aggregate ===
  PASS  result has 2 metrics
  PASS  faithfulness mean in [0,1]
  PASS  toMap has faithfulness
  PASS  toMap has answer_relevancy
  PASS  numSamples=2

=== D7 custom Metric ===
  PASS  custom score=0.42
  PASS  custom name=custom_score

=== D8 HeuristicJudge ===
  PASS  HeuristicJudge available
  PASS  wordF1 self ~= 1
  PASS  wordF1 diff < 1
  PASS  jaccard self = 1
  PASS  jaccard empty = 0
  PASS  extractYesNo yes
  PASS  extractYesNo no
  PASS  embed returns 64-dim

=== D9 multi-sample stability ===
  PASS  deterministic score
  PASS  5-identical mean == single

=== D10 empty-context edge ===
  PASS  faithfulness with no ctx >= 0
  PASS  relevancy with no ctx >= 0
  PASS  defaults list non-empty
  PASS  Ragas version

=== D11 Builder / MultiTurn / defaults / EvaluationResult ===
  PASS  builder doEvaluate metrics=2
  PASS  scores array length=1
  PASS  EvaluationResult toString
  PASS  verbose builder
  PASS  evaluate with judge
  PASS  evaluate defaults covers all
  PASS  SingleTurn of 2
  PASS  SingleTurn of 3
  PASS  SingleTurn of 4
  PASS  mutable add size=2
  PASS  samples copy
  PASS  MultiTurn messages=2
  PASS  MultiTurn role
  PASS  MultiTurn ctor
  PASS  VERSION const

=== D12 all metrics with explicit HeuristicJudge ===
  PASS  faithfulness with judge in [0,1]
  PASS  faithfulness name non-empty
  PASS  answer_relevancy with judge in [0,1]
  PASS  answer_relevancy name non-empty
  PASS  context_precision with judge in [0,1]
  PASS  context_precision name non-empty
  PASS  context_recall with judge in [0,1]
  PASS  context_recall name non-empty
  PASS  answer_correctness with judge in [0,1]
  PASS  answer_correctness name non-empty
  PASS  answer_similarity with judge in [0,1]
  PASS  answer_similarity name non-empty
  PASS  judge available
  PASS  judge generate non-null
  PASS  judge embed dim

=== D13 multi-sample stress ===
  PASS  stress 50 samples
  PASS  stress all metrics present
  PASS  stress mean faithfulness in [0,1]
  PASS  stress mean answer_relevancy in [0,1]
  PASS  stress mean context_precision in [0,1]
  PASS  stress mean context_recall in [0,1]
  PASS  stress mean answer_correctness in [0,1]
  PASS  stress mean answer_similarity in [0,1]
  INFO  50 samples x 6 metrics took 4 ms

============================================================
Ragas  passed=75  failed=0
============================================================
ALL DIMENSIONS GREEN
