=== SentenceTransformers multi-dimensional full-API stress ===

=== D1 encode shape / L2 ===
WARNING: A terminally deprecated method in sun.misc.Unsafe has been called
WARNING: sun.misc.Unsafe::arrayBaseOffset has been called by org.bytedeco.javacpp.indexer.UnsafeRaw (file:/Users/muller/.m2/repository/org/bytedeco/javacpp/1.5.14-SNAPSHOT/javacpp-1.5.14-SNAPSHOT.jar)
WARNING: Please consider reporting this to the maintainers of class org.bytedeco.javacpp.indexer.UnsafeRaw
WARNING: sun.misc.Unsafe::arrayBaseOffset will be removed in a future release
  PASS  embed dim=64
  PASS  self-cosine ~= 1.0
  PASS  batch size=3
  PASS  batch dim=64

=== D2 cosine matrix SPD-ish ===
  PASS  matrix 3x3
  PASS  diag ~= 1
  PASS  m[0][1] ~= 1 (identical)
  PASS  m[0][2] ~= 0

=== D3 paraphrase_mining ===
  PASS  returns list

=== D4 community_detection ===
  PASS  has communities

=== D5 CrossEncoder ===
  PASS  CrossEncoder predict finite

=== D6 MNRL / CosineSimilarity loss forward ===
  PASS  MNRL forward finite
  PASS  CosineSimilarityLoss target forward
  PASS  CosineSimilarityLoss default forward

=== D7 mini factories + accessors ===
  PASS  SentenceTransformer.mini non-null
  PASS  default embedDim > 0
  PASS  maxSeqLength > 0
  PASS  tokenizer non-null
  PASS  normalize flag readable
  PASS  mini(256,32) embedDim=32
  PASS  mini(256,32) encode dim

=== D8 EmbeddingSimilarityEvaluator + SentenceEvalUtil ===
  PASS  evaluator result non-null
  PASS  evaluator mean finite
  PASS  evaluator spearman finite
  PASS  evaluator pearson finite
  PASS  evaluator toString
  PASS  cosSim util self~1
  PASS  cosSimMatrix 2x2

=== D9 Batch encode throughput ===
  PASS  5-text batch dim correct

=== D10 modules ===
  PASS  TransformerModule output shape hidden=64
  PASS  TransformerModule hiddenSize
  PASS  TransformerModule embedding
  PASS  Pooling output finite
  PASS  Normalize output finite
  PASS  Dense output shape[1]=32

=== D11 semanticSearch + encode normalize + forward ===
  PASS  semanticSearch topK
  PASS  SearchHit fields
  PASS  SearchHit toString
  PASS  encode normalize flag shapes
  PASS  forward ids+mask
  PASS  forward ids only
  PASS  PoolingStrategy values
  PASS  Pooling MAX
  PASS  Pooling CLS
  PASS  Pooling strategy()
  PASS  Normalize eps
  PASS  Dense activation
  PASS  Dense linear
  PASS  Dense tanh forward

=== D12 CrossEncoder batch + score/forward ===
  PASS  CrossEncoder batch predict size=3
  PASS  batch scores finite
  PASS  CrossEncoder.score
  PASS  CrossEncoder.forward

=== D13 encode throughput stress ===
  PASS  stress batch 64
  PASS  stress L2 roughly unit
  INFO  encode 64x64d took 1 ms
  PASS  paraphraseMining larger
  PASS  communityDetection larger

============================================================
SentenceTransformers  passed=57  failed=0
============================================================
ALL DIMENSIONS GREEN
