=== HuggingFace Datasets Benchmark ===
tmp=/var/folders/2s/b306kwk113n8y4pp5l6sf04c0000gn/T/hfds_bench_14439860566623571748
token=hf_s****aRli endpoint=https://hf-mirror.com live=true take=64

── 1. Token & endpoint resolution ──
  • HfToken.resolve non-null or explicit ... ok
── 2. In-memory HfDataset ops ──
  • fakeText + map/filter/split/shard ... ok
  • fromDict / fromList / concatenate / rename ... ok
── 3. Local multi-format loaders ──
  • CSV / TSV roundtrip ... ok
  • JSONL / JSON / TEXT ... ok
  • fromFile auto-detect + save/load disk ... ok
  • Parquet via DataFrame bridge (write then read) ... FAIL
java.lang.NoClassDefFoundError: org/bytedeco/pytorch/c10/LongHeaderOnlyArrayRef
	at distribute.BenchmarkHfDataset.lambda$main$8(BenchmarkHfDataset.java:178)
	at distribute.BenchmarkHfDataset.benchmark(BenchmarkHfDataset.java:550)
	at distribute.BenchmarkHfDataset.main(BenchmarkHfDataset.java:176)
Caused by: java.lang.ClassNotFoundException: org.bytedeco.pytorch.c10.LongHeaderOnlyArrayRef
	at java.base/jdk.internal.loader.BuiltinClassLoader.loadClass(BuiltinClassLoader.java:580)
	at java.base/java.lang.ClassLoader.loadClass(ClassLoader.java:502)
	... 3 more
  • HfDatasets.load(format, data_files) ... ok
── 4. DatasetLayout inference (glue/imdb/mmlu-style) ──
  • layout glue-style multi-config ... ok
  • layout imdb plain_text + mmlu subject ... ok
  • layout data/ csv + ultrachat train_sft ... ok
  • glob / pattern matching ... ok
── 5. Offline seedLocal dataset snapshot ──
  • seedLocal datasets + loadLocal ... [HfHub] seeded datasets/bench/tiny-cola@main (4 files, commit=7961a5c042d599ea8d7e6e7431c0bf802ae0ddc3)
[HfDatasets] read test.csv
[HfDatasets] split test -> 1 rows from 1 file(s)
[HfDatasets] read train.csv
[HfDatasets] split train -> 3 rows from 1 file(s)
[HfDatasets] read validation.csv
[HfDatasets] split validation -> 1 rows from 1 file(s)
ok
── 6. Live Hub downloads ──
  • LIVE listConfigs glue ...   [HfHub] TREE https://hf-mirror.com/api/datasets/glue/tree/main?recursive=1
    configs=[ax, cola, mnli, mnli_matched, mnli_mismatched, mrpc, qnli, qqp, rte, sst2, stsb, wnli]
ok
  • LIVE listSplits imdb ...   [HfHub] TREE https://hf-mirror.com/api/datasets/imdb/tree/main?recursive=1
    splits=[test, train, unsupervised]
ok
  • LIVE load_dataset lhoestq/demo1 (csv) ...   [HfDatasets] load_dataset path=lhoestq/demo1 name=null split=null endpoint=https://hf-mirror.com token=hf_s****aRli
  [HfHub] TREE https://hf-mirror.com/api/datasets/lhoestq/demo1/tree/main?recursive=1
  [HfDatasets] layout configs=[default] splits=[test, train] files=2
  [HfHub] GET(stream) https://hf-mirror.com/datasets/lhoestq/demo1/resolve/main/data/test.csv
  [HfHub] data/test.csv 0/0 MiB
  [HfHub] GET(stream) https://hf-mirror.com/datasets/lhoestq/demo1/resolve/main/data/train.csv
  [HfHub] data/train.csv 0/0 MiB
  [HfDatasets] snapshot=/var/folders/2s/b306kwk113n8y4pp5l6sf04c0000gn/T/hfds_bench_14439860566623571748/live_cache/datasets--lhoestq--demo1/snapshots/dl-1785166612784
  [HfDatasets] read test.csv
  [HfDatasets] split test -> 5 rows from 1 file(s)
  [HfDatasets] read train.csv
  [HfDatasets] split train -> 5 rows from 1 file(s)
    DatasetDict({test: 5 rows, train: 5 rows}) cols=[id, package_name, review, date, star, version_id]
ok
  • LIVE load_dataset glue/cola parquet take=64 ...   [HfDatasets] load_dataset path=glue name=cola split=null endpoint=https://hf-mirror.com token=hf_s****aRli
  [HfHub] TREE https://hf-mirror.com/api/datasets/glue/tree/main?recursive=1
  [HfDatasets] layout configs=[ax, cola, mnli, mnli_matched, mnli_mismatched, mrpc, qnli, qqp, rte, sst2, stsb, wnli] splits=[test, train, validation, test_matched, test_mismatched, validation_matched, validation_mismatched] files=34
  [HfHub] GET(stream) https://hf-mirror.com/datasets/glue/resolve/main/cola/test-00000-of-00001.parquet
  [HfHub] cola/test-00000-of-00001.parquet 0/0 MiB
  [HfHub] cola/test-00000-of-00001.parquet 0/0 MiB
  [HfHub] cola/test-00000-of-00001.parquet 0/0 MiB
  [HfHub] cola/test-00000-of-00001.parquet 0/0 MiB
  [HfHub] cola/test-00000-of-00001.parquet 0/0 MiB
  [HfHub] cola/test-00000-of-00001.parquet 0/0 MiB
  [HfHub] cola/test-00000-of-00001.parquet 0/0 MiB
  [HfHub] GET(stream) https://hf-mirror.com/datasets/glue/resolve/main/cola/train-00000-of-00001.parquet
  [HfHub] cola/train-00000-of-00001.parquet 0/0 MiB
  [HfHub] cola/train-00000-of-00001.parquet 0/0 MiB
  [HfHub] cola/train-00000-of-00001.parquet 0/0 MiB
  [HfHub] cola/train-00000-of-00001.parquet 0/0 MiB
  [HfHub] cola/train-00000-of-00001.parquet 0/0 MiB
  [HfHub] cola/train-00000-of-00001.parquet 0/0 MiB
  [HfHub] cola/train-00000-of-00001.parquet 0/0 MiB
  [HfHub] cola/train-00000-of-00001.parquet 0/0 MiB
  [HfHub] cola/train-00000-of-00001.parquet 0/0 MiB
  [HfHub] cola/train-00000-of-00001.parquet 0/0 MiB
  [HfHub] cola/train-00000-of-00001.parquet 0/0 MiB
  [HfHub] cola/train-00000-of-00001.parquet 0/0 MiB
  [HfHub] cola/train-00000-of-00001.parquet 0/0 MiB
  [HfHub] cola/train-00000-of-00001.parquet 0/0 MiB
  [HfHub] cola/train-00000-of-00001.parquet 0/0 MiB
  [HfHub] cola/train-00000-of-00001.parquet 0/0 MiB
  [HfHub] cola/train-00000-of-00001.parquet 0/0 MiB
  [HfHub] cola/train-00000-of-00001.parquet 0/0 MiB
  [HfHub] cola/train-00000-of-00001.parquet 0/0 MiB
  [HfHub] cola/train-00000-of-00001.parquet 0/0 MiB
  [HfHub] GET(stream) https://hf-mirror.com/datasets/glue/resolve/main/cola/validation-00000-of-00001.parquet
  [HfHub] cola/validation-00000-of-00001.parquet 0/0 MiB
  [HfHub] cola/validation-00000-of-00001.parquet 0/0 MiB
  [HfHub] cola/validation-00000-of-00001.parquet 0/0 MiB
  [HfHub] cola/validation-00000-of-00001.parquet 0/0 MiB
  [HfDatasets] snapshot=/var/folders/2s/b306kwk113n8y4pp5l6sf04c0000gn/T/hfds_bench_14439860566623571748/live_cache/datasets--glue/snapshots/dl-1785166615998
  [HfDatasets] read test-00000-of-00001.parquet
FAIL
java.lang.NoClassDefFoundError: org/bytedeco/pytorch/c10/LongHeaderOnlyArrayRef
	at org.bytedeco.pytorch.utils.datasets.HfDataset.fromParquet(HfDataset.java:186)
	at org.bytedeco.pytorch.utils.datasets.HfDataset.fromFile(HfDataset.java:273)
	at org.bytedeco.pytorch.utils.datasets.HfDatasets.loadOne(HfDatasets.java:504)
	at org.bytedeco.pytorch.utils.datasets.HfDatasets.loadPaths(HfDatasets.java:487)
	at org.bytedeco.pytorch.utils.datasets.HfDatasets.materialise(HfDatasets.java:473)
	at org.bytedeco.pytorch.utils.datasets.HfDatasets.loadDataset(HfDatasets.java:174)
	at distribute.BenchmarkHfDataset.lambda$main$20(BenchmarkHfDataset.java:365)
	at distribute.BenchmarkHfDataset.liveCase(BenchmarkHfDataset.java:563)
	at distribute.BenchmarkHfDataset.main(BenchmarkHfDataset.java:364)
Caused by: java.lang.ClassNotFoundException: org.bytedeco.pytorch.c10.LongHeaderOnlyArrayRef
	at java.base/jdk.internal.loader.BuiltinClassLoader.loadClass(BuiltinClassLoader.java:580)
	at java.base/java.lang.ClassLoader.loadClass(ClassLoader.java:502)
	... 9 more
  • LIVE load_dataset imdb train (HfDataset) ...   [HfDatasets] load_dataset path=imdb name=plain_text split=train endpoint=https://hf-mirror.com token=hf_s****aRli
  [HfHub] TREE https://hf-mirror.com/api/datasets/imdb/tree/main?recursive=1
  [HfDatasets] layout configs=[plain_text] splits=[test, train, unsupervised] files=3
  [HfHub] GET(stream) https://hf-mirror.com/datasets/imdb/resolve/main/plain_text/train-00000-of-00001.parquet
  [HfHub] plain_text/train-00000-of-00001.parquet 0/20 MiB
  [HfHub] plain_text/train-00000-of-00001.parquet 0/20 MiB
  [HfHub] plain_text/train-00000-of-00001.parquet 0/20 MiB
  [HfHub] plain_text/train-00000-of-00001.parquet 0/20 MiB
  [HfHub] plain_text/train-00000-of-00001.parquet 0/20 MiB
  [HfHub] plain_text/train-00000-of-00001.parquet 0/20 MiB
  [HfHub] plain_text/train-00000-of-00001.parquet 0/20 MiB
  [HfHub] plain_text/train-00000-of-00001.parquet 0/20 MiB
  [HfHub] plain_text/train-00000-of-00001.parquet 0/20 MiB
  [HfHub] plain_text/train-00000-of-00001.parquet 0/20 MiB
  [HfHub] plain_text/train-00000-of-00001.parquet 0/20 MiB
  [HfHub] plain_text/train-00000-of-00001.parquet 0/20 MiB
  [HfHub] plain_text/train-00000-of-00001.parquet 0/20 MiB
  [HfHub] plain_text/train-00000-of-00001.parquet 0/20 MiB
  [HfHub] plain_text/train-00000-of-00001.parquet 0/20 MiB
  [HfHub] plain_text/train-00000-of-00001.parquet 0/20 MiB
  [HfHub] plain_text/train-00000-of-00001.parquet 0/20 MiB
  [HfHub] plain_text/train-00000-of-00001.parquet 0/20 MiB
  [HfHub] plain_text/train-00000-of-00001.parquet 0/20 MiB
  [HfHub] plain_text/train-00000-of-00001.parquet 0/20 MiB
  [HfHub] plain_text/train-00000-of-00001.parquet 0/20 MiB
  [HfHub] plain_text/train-00000-of-00001.parquet 0/20 MiB
  [HfHub] plain_text/train-00000-of-00001.parquet 0/20 MiB
  [HfHub] plain_text/train-00000-of-00001.parquet 0/20 MiB
  [HfHub] plain_text/train-00000-of-00001.parquet 0/20 MiB
  [HfHub] plain_text/train-00000-of-00001.parquet 0/20 MiB
  [HfHub] plain_text/train-00000-of-00001.parquet 0/20 MiB
  [HfHub] plain_text/train-00000-of-00001.parquet 0/20 MiB
  [HfHub] plain_text/train-00000-of-00001.parquet 0/20 MiB
  [HfHub] plain_text/train-00000-of-00001.parquet 0/20 MiB
  [HfHub] plain_text/train-00000-of-00001.parquet 0/20 MiB
  [HfHub] plain_text/train-00000-of-00001.parquet 0/20 MiB
  [HfHub] plain_text/train-00000-of-00001.parquet 0/20 MiB
  [HfHub] plain_text/train-00000-of-00001.parquet 0/20 MiB
  [HfHub] plain_text/train-00000-of-00001.parquet 0/20 MiB
  [HfHub] plain_text/train-00000-of-00001.parquet 0/20 MiB
  [HfHub] plain_text/train-00000-of-00001.parquet 0/20 MiB
  [HfHub] plain_text/train-00000-of-00001.parquet 0/20 MiB
  [HfHub] plain_text/train-00000-of-00001.parquet 0/20 MiB
  [HfHub] plain_text/train-00000-of-00001.parquet 0/20 MiB
  [HfHub] plain_text/train-00000-of-00001.parquet 0/20 MiB
  [HfHub] plain_text/train-00000-of-00001.parquet 0/20 MiB
  [HfHub] plain_text/train-00000-of-00001.parquet 0/20 MiB
  [HfHub] plain_text/train-00000-of-00001.parquet 0/20 MiB
  [HfHub] plain_text/train-00000-of-00001.parquet 0/20 MiB
  [HfHub] plain_text/train-00000-of-00001.parquet 0/20 MiB
  [HfHub] plain_text/train-00000-of-00001.parquet 0/20 MiB
  [HfHub] plain_text/train-00000-of-00001.parquet 0/20 MiB
  [HfHub] plain_text/train-00000-of-00001.parquet 0/20 MiB
  [HfHub] plain_text/train-00000-of-00001.parquet 0/20 MiB
  [HfHub] plain_text/train-00000-of-00001.parquet 0/20 MiB
  [HfHub] plain_text/train-00000-of-00001.parquet 0/20 MiB
  [HfHub] plain_text/train-00000-of-00001.parquet 0/20 MiB
  [HfHub] plain_text/train-00000-of-00001.parquet 0/20 MiB
  [HfHub] plain_text/train-00000-of-00001.parquet 0/20 MiB
  [HfHub] plain_text/train-00000-of-00001.parquet 0/20 MiB
  [HfHub] plain_text/train-00000-of-00001.parquet 0/20 MiB
  [HfHub] plain_text/train-00000-of-00001.parquet 0/20 MiB
  [HfHub] plain_text/train-00000-of-00001.parquet 0/20 MiB
  [HfHub] plain_text/train-00000-of-00001.parquet 0/20 MiB
  [HfHub] plain_text/train-00000-of-00001.parquet 0/20 MiB
  [HfHub] plain_text/train-00000-of-00001.parquet 0/20 MiB
  [HfHub] plain_text/train-00000-of-00001.parquet 0/20 MiB
  [HfHub] plain_text/train-00000-of-00001.parquet 0/20 MiB
  [HfHub] plain_text/train-00000-of-00001.parquet 0/20 MiB
  [HfHub] plain_text/train-00000-of-00001.parquet 0/20 MiB
  [HfHub] plain_text/train-00000-of-00001.parquet 0/20 MiB
  [HfHub] plain_text/train-00000-of-00001.parquet 0/20 MiB
  [HfHub] plain_text/train-00000-of-00001.parquet 0/20 MiB
  [HfHub] plain_text/train-00000-of-00001.parquet 0/20 MiB
  [HfHub] plain_text/train-00000-of-00001.parquet 0/20 MiB
  [HfHub] plain_text/train-00000-of-00001.parquet 0/20 MiB
  [HfHub] plain_text/train-00000-of-00001.parquet 0/20 MiB
  [HfHub] plain_text/train-00000-of-00001.parquet 0/20 MiB
  [HfHub] plain_text/train-00000-of-00001.parquet 0/20 MiB
  [HfHub] plain_text/train-00000-of-00001.parquet 0/20 MiB
  [HfHub] plain_text/train-00000-of-00001.parquet 0/20 MiB
  [HfHub] plain_text/train-00000-of-00001.parquet 0/20 MiB
  [HfHub] plain_text/train-00000-of-00001.parquet 0/20 MiB
  [HfHub] plain_text/train-00000-of-00001.parquet 0/20 MiB
  [HfHub] plain_text/train-00000-of-00001.parquet 0/20 MiB
  [HfDatasets] snapshot=/var/folders/2s/b306kwk113n8y4pp5l6sf04c0000gn/T/hfds_bench_14439860566623571748/live_cache/datasets--imdb/snapshots/dl-1785166626096
  [HfDatasets] read train-00000-of-00001.parquet
FAIL
java.lang.NoClassDefFoundError: org/bytedeco/pytorch/c10/LongHeaderOnlyArrayRef
	at org.bytedeco.pytorch.utils.datasets.HfDataset.fromParquet(HfDataset.java:186)
	at org.bytedeco.pytorch.utils.datasets.HfDataset.fromFile(HfDataset.java:273)
	at org.bytedeco.pytorch.utils.datasets.HfDatasets.loadOne(HfDatasets.java:504)
	at org.bytedeco.pytorch.utils.datasets.HfDatasets.loadPaths(HfDatasets.java:487)
	at org.bytedeco.pytorch.utils.datasets.HfDatasets.materialise(HfDatasets.java:473)
	at org.bytedeco.pytorch.utils.datasets.HfDatasets.loadDataset(HfDatasets.java:174)
	at distribute.BenchmarkHfDataset.lambda$main$21(BenchmarkHfDataset.java:377)
	at distribute.BenchmarkHfDataset.liveCase(BenchmarkHfDataset.java:563)
	at distribute.BenchmarkHfDataset.main(BenchmarkHfDataset.java:375)
Caused by: java.lang.ClassNotFoundException: org.bytedeco.pytorch.c10.LongHeaderOnlyArrayRef
	at java.base/jdk.internal.loader.BuiltinClassLoader.loadClass(BuiltinClassLoader.java:580)
	at java.base/java.lang.ClassLoader.loadClass(ClassLoader.java:502)
	... 9 more
  • LIVE load_dataset squad validation ...   [HfDatasets] load_dataset path=squad name=null split=validation endpoint=https://hf-mirror.com token=hf_s****aRli
  [HfHub] TREE https://hf-mirror.com/api/datasets/squad/tree/main?recursive=1
  [HfDatasets] layout configs=[plain_text] splits=[train, validation] files=2
  [HfHub] GET(stream) https://hf-mirror.com/datasets/squad/resolve/main/plain_text/validation-00000-of-00001.parquet
  [HfHub] plain_text/validation-00000-of-00001.parquet 0/1 MiB
  [HfHub] plain_text/validation-00000-of-00001.parquet 0/1 MiB
  [HfHub] plain_text/validation-00000-of-00001.parquet 0/1 MiB
  [HfHub] plain_text/validation-00000-of-00001.parquet 0/1 MiB
  [HfHub] plain_text/validation-00000-of-00001.parquet 0/1 MiB
  [HfHub] plain_text/validation-00000-of-00001.parquet 0/1 MiB
  [HfHub] plain_text/validation-00000-of-00001.parquet 0/1 MiB
  [HfHub] plain_text/validation-00000-of-00001.parquet 0/1 MiB
  [HfHub] plain_text/validation-00000-of-00001.parquet 0/1 MiB
  [HfHub] plain_text/validation-00000-of-00001.parquet 0/1 MiB
  [HfHub] plain_text/validation-00000-of-00001.parquet 0/1 MiB
  [HfHub] plain_text/validation-00000-of-00001.parquet 0/1 MiB
  [HfHub] plain_text/validation-00000-of-00001.parquet 0/1 MiB
  [HfHub] plain_text/validation-00000-of-00001.parquet 0/1 MiB
  [HfHub] plain_text/validation-00000-of-00001.parquet 0/1 MiB
  [HfHub] plain_text/validation-00000-of-00001.parquet 0/1 MiB
  [HfHub] plain_text/validation-00000-of-00001.parquet 0/1 MiB
  [HfHub] plain_text/validation-00000-of-00001.parquet 0/1 MiB
  [HfHub] plain_text/validation-00000-of-00001.parquet 0/1 MiB
  [HfHub] plain_text/validation-00000-of-00001.parquet 0/1 MiB
  [HfHub] plain_text/validation-00000-of-00001.parquet 0/1 MiB
  [HfHub] plain_text/validation-00000-of-00001.parquet 0/1 MiB
  [HfHub] plain_text/validation-00000-of-00001.parquet 0/1 MiB
  [HfHub] plain_text/validation-00000-of-00001.parquet 0/1 MiB
  [HfHub] plain_text/validation-00000-of-00001.parquet 0/1 MiB
  [HfHub] plain_text/validation-00000-of-00001.parquet 0/1 MiB
  [HfHub] plain_text/validation-00000-of-00001.parquet 0/1 MiB
  [HfHub] plain_text/validation-00000-of-00001.parquet 0/1 MiB
  [HfHub] plain_text/validation-00000-of-00001.parquet 0/1 MiB
  [HfHub] plain_text/validation-00000-of-00001.parquet 0/1 MiB
  [HfHub] plain_text/validation-00000-of-00001.parquet 0/1 MiB
  [HfHub] plain_text/validation-00000-of-00001.parquet 0/1 MiB
  [HfHub] plain_text/validation-00000-of-00001.parquet 0/1 MiB
  [HfHub] plain_text/validation-00000-of-00001.parquet 0/1 MiB
  [HfHub] plain_text/validation-00000-of-00001.parquet 0/1 MiB
  [HfHub] plain_text/validation-00000-of-00001.parquet 0/1 MiB
  [HfHub] plain_text/validation-00000-of-00001.parquet 0/1 MiB
  [HfHub] plain_text/validation-00000-of-00001.parquet 0/1 MiB
  [HfHub] plain_text/validation-00000-of-00001.parquet 0/1 MiB
  [HfHub] plain_text/validation-00000-of-00001.parquet 0/1 MiB
  [HfHub] plain_text/validation-00000-of-00001.parquet 0/1 MiB
  [HfHub] plain_text/validation-00000-of-00001.parquet 0/1 MiB
  [HfHub] plain_text/validation-00000-of-00001.parquet 0/1 MiB
  [HfHub] plain_text/validation-00000-of-00001.parquet 0/1 MiB
  [HfHub] plain_text/validation-00000-of-00001.parquet 0/1 MiB
  [HfHub] plain_text/validation-00000-of-00001.parquet 0/1 MiB
  [HfHub] plain_text/validation-00000-of-00001.parquet 0/1 MiB
  [HfHub] plain_text/validation-00000-of-00001.parquet 0/1 MiB
  [HfHub] plain_text/validation-00000-of-00001.parquet 0/1 MiB
  [HfHub] plain_text/validation-00000-of-00001.parquet 0/1 MiB
  [HfHub] plain_text/validation-00000-of-00001.parquet 0/1 MiB
  [HfHub] plain_text/validation-00000-of-00001.parquet 0/1 MiB
  [HfHub] plain_text/validation-00000-of-00001.parquet 0/1 MiB
  [HfHub] plain_text/validation-00000-of-00001.parquet 0/1 MiB
  [HfHub] plain_text/validation-00000-of-00001.parquet 0/1 MiB
  [HfHub] plain_text/validation-00000-of-00001.parquet 0/1 MiB
  [HfHub] plain_text/validation-00000-of-00001.parquet 0/1 MiB
  [HfHub] plain_text/validation-00000-of-00001.parquet 0/1 MiB
  [HfHub] plain_text/validation-00000-of-00001.parquet 0/1 MiB
  [HfHub] plain_text/validation-00000-of-00001.parquet 0/1 MiB
  [HfHub] plain_text/validation-00000-of-00001.parquet 0/1 MiB
  [HfHub] plain_text/validation-00000-of-00001.parquet 0/1 MiB
  [HfHub] plain_text/validation-00000-of-00001.parquet 0/1 MiB
  [HfHub] plain_text/validation-00000-of-00001.parquet 0/1 MiB
  [HfHub] plain_text/validation-00000-of-00001.parquet 0/1 MiB
  [HfHub] plain_text/validation-00000-of-00001.parquet 0/1 MiB
  [HfHub] plain_text/validation-00000-of-00001.parquet 0/1 MiB
  [HfHub] plain_text/validation-00000-of-00001.parquet 0/1 MiB
  [HfHub] plain_text/validation-00000-of-00001.parquet 0/1 MiB
  [HfHub] plain_text/validation-00000-of-00001.parquet 0/1 MiB
  [HfHub] plain_text/validation-00000-of-00001.parquet 0/1 MiB
  [HfHub] plain_text/validation-00000-of-00001.parquet 0/1 MiB
  [HfHub] plain_text/validation-00000-of-00001.parquet 0/1 MiB
  [HfHub] plain_text/validation-00000-of-00001.parquet 0/1 MiB
  [HfDatasets] snapshot=/var/folders/2s/b306kwk113n8y4pp5l6sf04c0000gn/T/hfds_bench_14439860566623571748/live_cache/datasets--squad/snapshots/dl-1785166638053
  [HfDatasets] read validation-00000-of-00001.parquet
FAIL
java.lang.NoClassDefFoundError: org/bytedeco/pytorch/c10/LongHeaderOnlyArrayRef
	at org.bytedeco.pytorch.utils.datasets.HfDataset.fromParquet(HfDataset.java:186)
	at org.bytedeco.pytorch.utils.datasets.HfDataset.fromFile(HfDataset.java:273)
	at org.bytedeco.pytorch.utils.datasets.HfDatasets.loadOne(HfDatasets.java:504)
	at org.bytedeco.pytorch.utils.datasets.HfDatasets.loadPaths(HfDatasets.java:487)
	at org.bytedeco.pytorch.utils.datasets.HfDatasets.materialise(HfDatasets.java:473)
	at org.bytedeco.pytorch.utils.datasets.HfDatasets.loadDataset(HfDatasets.java:174)
	at distribute.BenchmarkHfDataset.lambda$main$22(BenchmarkHfDataset.java:389)
	at distribute.BenchmarkHfDataset.liveCase(BenchmarkHfDataset.java:563)
	at distribute.BenchmarkHfDataset.main(BenchmarkHfDataset.java:388)
Caused by: java.lang.ClassNotFoundException: org.bytedeco.pytorch.c10.LongHeaderOnlyArrayRef
	at java.base/jdk.internal.loader.BuiltinClassLoader.loadClass(BuiltinClassLoader.java:580)
	at java.base/java.lang.ClassLoader.loadClass(ClassLoader.java:502)
	... 9 more
  • LIVE load_dataset cais/mmlu abstract_algebra ...   [HfDatasets] load_dataset path=cais/mmlu name=abstract_algebra split=null endpoint=https://hf-mirror.com token=hf_s****aRli
  [HfHub] TREE https://hf-mirror.com/api/datasets/cais/mmlu/tree/main?recursive=1
  [HfDatasets] layout configs=[abstract_algebra, all, anatomy, astronomy, auxiliary_train, business_ethics, clinical_knowledge, college_biology, college_chemistry, college_computer_science, college_mathematics, college_medicine, college_physics, computer_security, conceptual_physics, default, econometrics, electrical_engineering, elementary_mathematics, formal_logic, global_facts, high_school_biology, high_school_chemistry, high_school_computer_science, high_school_european_history, high_school_geography, high_school_government_and_politics, high_school_macroeconomics, high_school_mathematics, high_school_microeconomics, high_school_physics, high_school_psychology, high_school_statistics, high_school_us_history, high_school_world_history, human_aging, human_sexuality, international_law, jurisprudence, logical_fallacies, machine_learning, management, marketing, medical_genetics, miscellaneous, moral_disputes, moral_scenarios, nutrition, philosophy, prehistory, professional_accounting, professional_law, professional_medicine, professional_psychology, public_relations, security_studies, sociology, us_foreign_policy, virology, world_religions] splits=[validation, test, auxiliary_train, train] files=177
  [HfHub] GET(stream) https://hf-mirror.com/datasets/cais/mmlu/resolve/main/abstract_algebra/dev-00000-of-00001.parquet
  [HfHub] abstract_algebra/dev-00000-of-00001.parquet 0/0 MiB
  [HfHub] GET(stream) https://hf-mirror.com/datasets/cais/mmlu/resolve/main/abstract_algebra/validation-00000-of-00001.parquet
  [HfHub] abstract_algebra/validation-00000-of-00001.parquet 0/0 MiB
  [HfHub] GET(stream) https://hf-mirror.com/datasets/cais/mmlu/resolve/main/abstract_algebra/test-00000-of-00001.parquet
  [HfHub] abstract_algebra/test-00000-of-00001.parquet 0/0 MiB
  [HfDatasets] snapshot=/var/folders/2s/b306kwk113n8y4pp5l6sf04c0000gn/T/hfds_bench_14439860566623571748/live_cache/datasets--cais--mmlu/snapshots/dl-1785166642410
  [HfDatasets] read dev-00000-of-00001.parquet
FAIL
java.lang.NoClassDefFoundError: org/bytedeco/pytorch/c10/LongHeaderOnlyArrayRef
	at org.bytedeco.pytorch.utils.datasets.HfDataset.fromParquet(HfDataset.java:186)
	at org.bytedeco.pytorch.utils.datasets.HfDataset.fromFile(HfDataset.java:273)
	at org.bytedeco.pytorch.utils.datasets.HfDatasets.loadOne(HfDatasets.java:504)
	at org.bytedeco.pytorch.utils.datasets.HfDatasets.loadPaths(HfDatasets.java:491)
	at org.bytedeco.pytorch.utils.datasets.HfDatasets.materialise(HfDatasets.java:473)
	at org.bytedeco.pytorch.utils.datasets.HfDatasets.loadDataset(HfDatasets.java:174)
	at distribute.BenchmarkHfDataset.lambda$main$23(BenchmarkHfDataset.java:403)
	at distribute.BenchmarkHfDataset.liveCase(BenchmarkHfDataset.java:563)
	at distribute.BenchmarkHfDataset.main(BenchmarkHfDataset.java:402)
Caused by: java.lang.ClassNotFoundException: org.bytedeco.pytorch.c10.LongHeaderOnlyArrayRef
	at java.base/jdk.internal.loader.BuiltinClassLoader.loadClass(BuiltinClassLoader.java:580)
	at java.base/java.lang.ClassLoader.loadClass(ClassLoader.java:502)
	... 9 more
  • LIVE load_dataset nyu-mll/glue mrpc (alias path) ...   [HfDatasets] load_dataset path=nyu-mll/glue name=mrpc split=train endpoint=https://hf-mirror.com token=hf_s****aRli
  [HfHub] TREE https://hf-mirror.com/api/datasets/nyu-mll/glue/tree/main?recursive=1
  [HfDatasets] layout configs=[ax, cola, mnli, mnli_matched, mnli_mismatched, mrpc, qnli, qqp, rte, sst2, stsb, wnli] splits=[test, train, validation, test_matched, test_mismatched, validation_matched, validation_mismatched] files=34
  [HfHub] GET(stream) https://hf-mirror.com/datasets/nyu-mll/glue/resolve/main/mrpc/train-00000-of-00001.parquet
  [HfHub] mrpc/train-00000-of-00001.parquet 0/0 MiB
  [HfHub] mrpc/train-00000-of-00001.parquet 0/0 MiB
  [HfHub] mrpc/train-00000-of-00001.parquet 0/0 MiB
  [HfHub] mrpc/train-00000-of-00001.parquet 0/0 MiB
  [HfHub] mrpc/train-00000-of-00001.parquet 0/0 MiB
  [HfHub] mrpc/train-00000-of-00001.parquet 0/0 MiB
  [HfHub] mrpc/train-00000-of-00001.parquet 0/0 MiB
  [HfHub] mrpc/train-00000-of-00001.parquet 0/0 MiB
  [HfHub] mrpc/train-00000-of-00001.parquet 0/0 MiB
  [HfHub] mrpc/train-00000-of-00001.parquet 0/0 MiB
  [HfHub] mrpc/train-00000-of-00001.parquet 0/0 MiB
  [HfHub] mrpc/train-00000-of-00001.parquet 0/0 MiB
  [HfHub] mrpc/train-00000-of-00001.parquet 0/0 MiB
  [HfHub] mrpc/train-00000-of-00001.parquet 0/0 MiB
  [HfHub] mrpc/train-00000-of-00001.parquet 0/0 MiB
  [HfHub] mrpc/train-00000-of-00001.parquet 0/0 MiB
  [HfHub] mrpc/train-00000-of-00001.parquet 0/0 MiB
  [HfHub] mrpc/train-00000-of-00001.parquet 0/0 MiB
  [HfHub] mrpc/train-00000-of-00001.parquet 0/0 MiB
  [HfHub] mrpc/train-00000-of-00001.parquet 0/0 MiB
  [HfHub] mrpc/train-00000-of-00001.parquet 0/0 MiB
  [HfHub] mrpc/train-00000-of-00001.parquet 0/0 MiB
  [HfHub] mrpc/train-00000-of-00001.parquet 0/0 MiB
  [HfHub] mrpc/train-00000-of-00001.parquet 0/0 MiB
  [HfHub] mrpc/train-00000-of-00001.parquet 0/0 MiB
  [HfHub] mrpc/train-00000-of-00001.parquet 0/0 MiB
  [HfHub] mrpc/train-00000-of-00001.parquet 0/0 MiB
  [HfHub] mrpc/train-00000-of-00001.parquet 0/0 MiB
  [HfHub] mrpc/train-00000-of-00001.parquet 0/0 MiB
  [HfHub] mrpc/train-00000-of-00001.parquet 0/0 MiB
  [HfHub] mrpc/train-00000-of-00001.parquet 0/0 MiB
  [HfHub] mrpc/train-00000-of-00001.parquet 0/0 MiB
  [HfHub] mrpc/train-00000-of-00001.parquet 0/0 MiB
  [HfHub] mrpc/train-00000-of-00001.parquet 0/0 MiB
  [HfHub] mrpc/train-00000-of-00001.parquet 0/0 MiB
  [HfHub] mrpc/train-00000-of-00001.parquet 0/0 MiB
  [HfHub] mrpc/train-00000-of-00001.parquet 0/0 MiB
  [HfHub] mrpc/train-00000-of-00001.parquet 0/0 MiB
  [HfHub] mrpc/train-00000-of-00001.parquet 0/0 MiB
  [HfHub] mrpc/train-00000-of-00001.parquet 0/0 MiB
  [HfHub] mrpc/train-00000-of-00001.parquet 0/0 MiB
  [HfHub] mrpc/train-00000-of-00001.parquet 0/0 MiB
  [HfHub] mrpc/train-00000-of-00001.parquet 0/0 MiB
  [HfHub] mrpc/train-00000-of-00001.parquet 0/0 MiB
  [HfDatasets] snapshot=/var/folders/2s/b306kwk113n8y4pp5l6sf04c0000gn/T/hfds_bench_14439860566623571748/live_cache/datasets--nyu-mll--glue/snapshots/dl-1785166647654
  [HfDatasets] read train-00000-of-00001.parquet
FAIL
java.lang.NoClassDefFoundError: org/bytedeco/pytorch/c10/LongHeaderOnlyArrayRef
	at org.bytedeco.pytorch.utils.datasets.HfDataset.fromParquet(HfDataset.java:186)
	at org.bytedeco.pytorch.utils.datasets.HfDataset.fromFile(HfDataset.java:273)
	at org.bytedeco.pytorch.utils.datasets.HfDatasets.loadOne(HfDatasets.java:504)
	at org.bytedeco.pytorch.utils.datasets.HfDatasets.loadPaths(HfDatasets.java:487)
	at org.bytedeco.pytorch.utils.datasets.HfDatasets.materialise(HfDatasets.java:473)
	at org.bytedeco.pytorch.utils.datasets.HfDatasets.loadDataset(HfDatasets.java:174)
	at distribute.BenchmarkHfDataset.lambda$main$24(BenchmarkHfDataset.java:412)
	at distribute.BenchmarkHfDataset.liveCase(BenchmarkHfDataset.java:563)
	at distribute.BenchmarkHfDataset.main(BenchmarkHfDataset.java:411)
Caused by: java.lang.ClassNotFoundException: org.bytedeco.pytorch.c10.LongHeaderOnlyArrayRef
	at java.base/jdk.internal.loader.BuiltinClassLoader.loadClass(BuiltinClassLoader.java:580)
	at java.base/java.lang.ClassLoader.loadClass(ClassLoader.java:502)
	... 9 more
  • LIVE tree API pagination / large tree mmlu ...   [HfHub] TREE https://hf-mirror.com/api/datasets/cais/mmlu/tree/main?recursive=1
    tree=240 dataFiles=177
ok
  • LIVE datasetInfo imdb ...   [HfHub] GET https://hf-mirror.com/api/datasets/imdb?revision=main
    keys=[id, sha, author, siblings, configs]
ok
  • LIVE map/filter pipeline on glue/cola ...   [HfDatasets] load_dataset path=glue name=cola split=train endpoint=https://hf-mirror.com token=hf_s****aRli
  [HfHub] TREE https://hf-mirror.com/api/datasets/glue/tree/main?recursive=1
  [HfDatasets] layout configs=[ax, cola, mnli, mnli_matched, mnli_mismatched, mrpc, qnli, qqp, rte, sst2, stsb, wnli] splits=[test, train, validation, test_matched, test_mismatched, validation_matched, validation_mismatched] files=34
  [HfDatasets] snapshot=/var/folders/2s/b306kwk113n8y4pp5l6sf04c0000gn/T/hfds_bench_14439860566623571748/live_cache/datasets--glue/snapshots/dl-1785166615998
  [HfDatasets] read train-00000-of-00001.parquet
FAIL
java.lang.NoClassDefFoundError: org/bytedeco/pytorch/c10/LongHeaderOnlyArrayRef
	at org.bytedeco.pytorch.utils.datasets.HfDataset.fromParquet(HfDataset.java:186)
	at org.bytedeco.pytorch.utils.datasets.HfDataset.fromFile(HfDataset.java:273)
	at org.bytedeco.pytorch.utils.datasets.HfDatasets.loadOne(HfDatasets.java:504)
	at org.bytedeco.pytorch.utils.datasets.HfDatasets.loadPaths(HfDatasets.java:487)
	at org.bytedeco.pytorch.utils.datasets.HfDatasets.materialise(HfDatasets.java:473)
	at org.bytedeco.pytorch.utils.datasets.HfDatasets.loadDataset(HfDatasets.java:174)
	at distribute.BenchmarkHfDataset.lambda$main$28(BenchmarkHfDataset.java:444)
	at distribute.BenchmarkHfDataset.liveCase(BenchmarkHfDataset.java:563)
	at distribute.BenchmarkHfDataset.main(BenchmarkHfDataset.java:443)
Caused by: java.lang.ClassNotFoundException: org.bytedeco.pytorch.c10.LongHeaderOnlyArrayRef
	at java.base/jdk.internal.loader.BuiltinClassLoader.loadClass(BuiltinClassLoader.java:580)
	at java.base/java.lang.ClassLoader.loadClass(ClassLoader.java:502)
	... 9 more
── 7. Edge cases ──
  • empty / bad inputs ... ok
  • features() + select indices ... ok

(tmp kept for inspection: /var/folders/2s/b306kwk113n8y4pp5l6sf04c0000gn/T/hfds_bench_14439860566623571748)

=== RESULT ===
passed=69 failed=7 skipped=0
FAIL Parquet via DataFrame bridge (write then read): java.lang.NoClassDefFoundError: org/bytedeco/pytorch/c10/LongHeaderOnlyArrayRef
FAIL LIVE load_dataset glue/cola parquet take=64: java.lang.NoClassDefFoundError: org/bytedeco/pytorch/c10/LongHeaderOnlyArrayRef
FAIL LIVE load_dataset imdb train (HfDataset): java.lang.NoClassDefFoundError: org/bytedeco/pytorch/c10/LongHeaderOnlyArrayRef
FAIL LIVE load_dataset squad validation: java.lang.NoClassDefFoundError: org/bytedeco/pytorch/c10/LongHeaderOnlyArrayRef
FAIL LIVE load_dataset cais/mmlu abstract_algebra: java.lang.NoClassDefFoundError: org/bytedeco/pytorch/c10/LongHeaderOnlyArrayRef
FAIL LIVE load_dataset nyu-mll/glue mrpc (alias path): java.lang.NoClassDefFoundError: org/bytedeco/pytorch/c10/LongHeaderOnlyArrayRef
FAIL LIVE map/filter pipeline on glue/cola: java.lang.NoClassDefFoundError: org/bytedeco/pytorch/c10/LongHeaderOnlyArrayRef

