=== HuggingFace Datasets Benchmark ===
tmp=/var/folders/2s/b306kwk113n8y4pp5l6sf04c0000gn/T/hfds_bench_16137844749100764123
token=hf_s****aRli endpoint=https://hf-mirror.com live=true take=64

── 1. Token & endpoint resolution ──
  • HfToken.resolve non-null or explicit ... ok
── 2. In-memory HfDataset ops ──
  • fakeText + map/filter/split/shard ... ok
  • fromDict / fromList / concatenate / rename ... ok
── 3. Local multi-format loaders ──
  • CSV / TSV roundtrip ... ok
  • JSONL / JSON / TEXT ... ok
  • fromFile auto-detect + save/load disk ... ok
  • Parquet pure-Java LocalParquetWriter → fromParquet ... SLF4J: Failed to load class "org.slf4j.impl.StaticLoggerBinder".
SLF4J: Defaulting to no-operation (NOP) logger implementation
SLF4J: See http://www.slf4j.org/codes.html#StaticLoggerBinder for further details.
(df bridge skipped: NoClassDefFoundError) ok
  • HfDatasets.load(format, data_files) ... ok
── 4. DatasetLayout inference (glue/imdb/mmlu-style) ──
  • layout glue-style multi-config ... ok
  • layout imdb plain_text + mmlu subject ... ok
  • layout data/ csv + ultrachat train_sft ... ok
  • glob / pattern matching ... ok
── 5. Offline seedLocal dataset snapshot ──
  • seedLocal datasets + loadLocal ... [HfHub] seeded datasets/bench/tiny-cola@main (4 files, commit=7961a5c042d599ea8d7e6e7431c0bf802ae0ddc3)
[HfDatasets] read test.csv
[HfDatasets] split test -> 1 rows from 1 file(s)
[HfDatasets] read train.csv
[HfDatasets] split train -> 3 rows from 1 file(s)
[HfDatasets] read validation.csv
[HfDatasets] split validation -> 1 rows from 1 file(s)
ok
── 6. Live Hub downloads ──
  • LIVE listConfigs glue ...   [HfHub] TREE https://hf-mirror.com/api/datasets/glue/tree/main?recursive=1
    configs=[ax, cola, mnli, mnli_matched, mnli_mismatched, mrpc, qnli, qqp, rte, sst2, stsb, wnli]
ok
  • LIVE listSplits imdb ...   [HfHub] TREE https://hf-mirror.com/api/datasets/imdb/tree/main?recursive=1
    splits=[test, train, unsupervised]
ok
  • LIVE load_dataset lhoestq/demo1 (csv) ...   [HfDatasets] load_dataset path=lhoestq/demo1 name=null split=null endpoint=https://hf-mirror.com token=hf_s****aRli
  [HfHub] TREE https://hf-mirror.com/api/datasets/lhoestq/demo1/tree/main?recursive=1
  [HfDatasets] layout configs=[default] splits=[test, train] files=2
  [HfHub] GET(stream) https://hf-mirror.com/datasets/lhoestq/demo1/resolve/main/data/test.csv
  [HfHub] data/test.csv 0/0 MiB
  [HfHub] GET(stream) https://hf-mirror.com/datasets/lhoestq/demo1/resolve/main/data/train.csv
  [HfHub] data/train.csv 0/0 MiB
  [HfDatasets] snapshot=/var/folders/2s/b306kwk113n8y4pp5l6sf04c0000gn/T/hfds_bench_16137844749100764123/live_cache/datasets--lhoestq--demo1/snapshots/dl-1785166942690
  [HfDatasets] read test.csv
  [HfDatasets] split test -> 5 rows from 1 file(s)
  [HfDatasets] read train.csv
  [HfDatasets] split train -> 5 rows from 1 file(s)
    DatasetDict({test: 5 rows, train: 5 rows}) cols=[id, package_name, review, date, star, version_id]
ok
  • LIVE load_dataset glue/cola parquet take=64 ...   [HfDatasets] load_dataset path=glue name=cola split=null endpoint=https://hf-mirror.com token=hf_s****aRli
  [HfHub] TREE https://hf-mirror.com/api/datasets/glue/tree/main?recursive=1
  [HfDatasets] layout configs=[ax, cola, mnli, mnli_matched, mnli_mismatched, mrpc, qnli, qqp, rte, sst2, stsb, wnli] splits=[test, train, validation, test_matched, test_mismatched, validation_matched, validation_mismatched] files=34
  [HfHub] GET(stream) https://hf-mirror.com/datasets/glue/resolve/main/cola/test-00000-of-00001.parquet
  [HfHub] cola/test-00000-of-00001.parquet 0/0 MiB
  [HfHub] cola/test-00000-of-00001.parquet 0/0 MiB
  [HfHub] cola/test-00000-of-00001.parquet 0/0 MiB
  [HfHub] cola/test-00000-of-00001.parquet 0/0 MiB
  [HfHub] cola/test-00000-of-00001.parquet 0/0 MiB
  [HfHub] GET(stream) https://hf-mirror.com/datasets/glue/resolve/main/cola/train-00000-of-00001.parquet
  [HfHub] cola/train-00000-of-00001.parquet 0/0 MiB
  [HfHub] cola/train-00000-of-00001.parquet 0/0 MiB
  [HfHub] cola/train-00000-of-00001.parquet 0/0 MiB
  [HfHub] cola/train-00000-of-00001.parquet 0/0 MiB
  [HfHub] cola/train-00000-of-00001.parquet 0/0 MiB
  [HfHub] cola/train-00000-of-00001.parquet 0/0 MiB
  [HfHub] cola/train-00000-of-00001.parquet 0/0 MiB
  [HfHub] cola/train-00000-of-00001.parquet 0/0 MiB
  [HfHub] cola/train-00000-of-00001.parquet 0/0 MiB
  [HfHub] cola/train-00000-of-00001.parquet 0/0 MiB
  [HfHub] cola/train-00000-of-00001.parquet 0/0 MiB
  [HfHub] cola/train-00000-of-00001.parquet 0/0 MiB
  [HfHub] cola/train-00000-of-00001.parquet 0/0 MiB
  [HfHub] cola/train-00000-of-00001.parquet 0/0 MiB
  [HfHub] cola/train-00000-of-00001.parquet 0/0 MiB
  [HfHub] cola/train-00000-of-00001.parquet 0/0 MiB
  [HfHub] cola/train-00000-of-00001.parquet 0/0 MiB
  [HfHub] GET(stream) https://hf-mirror.com/datasets/glue/resolve/main/cola/validation-00000-of-00001.parquet
  [HfHub] cola/validation-00000-of-00001.parquet 0/0 MiB
  [HfHub] cola/validation-00000-of-00001.parquet 0/0 MiB
  [HfHub] cola/validation-00000-of-00001.parquet 0/0 MiB
  [HfDatasets] snapshot=/var/folders/2s/b306kwk113n8y4pp5l6sf04c0000gn/T/hfds_bench_16137844749100764123/live_cache/datasets--glue/snapshots/dl-1785166945540
  [HfDatasets] read test-00000-of-00001.parquet
  [HfDatasets] split test -> 64 rows from 1 file(s)
  [HfDatasets] read train-00000-of-00001.parquet
  [HfDatasets] split train -> 64 rows from 1 file(s)
  [HfDatasets] read validation-00000-of-00001.parquet
  [HfDatasets] split validation -> 64 rows from 1 file(s)
    DatasetDict({test: 64 rows, train: 64 rows, validation: 64 rows}) sample={sentence=Our friends won't buy this analysis, let alone the next one we propose., label=1, idx=0}
ok
  • LIVE load_dataset imdb train (HfDataset) ...   [HfDatasets] load_dataset path=imdb name=plain_text split=train endpoint=https://hf-mirror.com token=hf_s****aRli
  [HfHub] TREE https://hf-mirror.com/api/datasets/imdb/tree/main?recursive=1
  [HfDatasets] layout configs=[plain_text] splits=[test, train, unsupervised] files=3
  [HfHub] GET(stream) https://hf-mirror.com/datasets/imdb/resolve/main/plain_text/train-00000-of-00001.parquet
  [HfHub] plain_text/train-00000-of-00001.parquet 0/20 MiB
  [HfHub] plain_text/train-00000-of-00001.parquet 0/20 MiB
  [HfHub] plain_text/train-00000-of-00001.parquet 0/20 MiB
  [HfHub] plain_text/train-00000-of-00001.parquet 0/20 MiB
  [HfHub] plain_text/train-00000-of-00001.parquet 0/20 MiB
  [HfHub] plain_text/train-00000-of-00001.parquet 0/20 MiB
  [HfHub] plain_text/train-00000-of-00001.parquet 0/20 MiB
  [HfHub] plain_text/train-00000-of-00001.parquet 0/20 MiB
  [HfHub] plain_text/train-00000-of-00001.parquet 0/20 MiB
  [HfHub] plain_text/train-00000-of-00001.parquet 0/20 MiB
  [HfHub] plain_text/train-00000-of-00001.parquet 0/20 MiB
  [HfHub] plain_text/train-00000-of-00001.parquet 0/20 MiB
  [HfHub] plain_text/train-00000-of-00001.parquet 0/20 MiB
  [HfHub] plain_text/train-00000-of-00001.parquet 0/20 MiB
  [HfHub] plain_text/train-00000-of-00001.parquet 0/20 MiB
  [HfHub] plain_text/train-00000-of-00001.parquet 0/20 MiB
  [HfHub] plain_text/train-00000-of-00001.parquet 0/20 MiB
  [HfHub] plain_text/train-00000-of-00001.parquet 0/20 MiB
  [HfHub] plain_text/train-00000-of-00001.parquet 0/20 MiB
  [HfHub] plain_text/train-00000-of-00001.parquet 0/20 MiB
  [HfHub] plain_text/train-00000-of-00001.parquet 0/20 MiB
  [HfHub] plain_text/train-00000-of-00001.parquet 0/20 MiB
  [HfHub] plain_text/train-00000-of-00001.parquet 0/20 MiB
  [HfHub] plain_text/train-00000-of-00001.parquet 0/20 MiB
  [HfHub] plain_text/train-00000-of-00001.parquet 0/20 MiB
  [HfHub] plain_text/train-00000-of-00001.parquet 0/20 MiB
  [HfHub] plain_text/train-00000-of-00001.parquet 0/20 MiB
  [HfHub] plain_text/train-00000-of-00001.parquet 0/20 MiB
  [HfHub] plain_text/train-00000-of-00001.parquet 0/20 MiB
  [HfHub] plain_text/train-00000-of-00001.parquet 0/20 MiB
  [HfHub] plain_text/train-00000-of-00001.parquet 0/20 MiB
  [HfHub] plain_text/train-00000-of-00001.parquet 0/20 MiB
  [HfHub] plain_text/train-00000-of-00001.parquet 0/20 MiB
  [HfHub] plain_text/train-00000-of-00001.parquet 0/20 MiB
  [HfHub] plain_text/train-00000-of-00001.parquet 0/20 MiB
  [HfHub] plain_text/train-00000-of-00001.parquet 0/20 MiB
  [HfHub] plain_text/train-00000-of-00001.parquet 0/20 MiB
  [HfHub] plain_text/train-00000-of-00001.parquet 0/20 MiB
  [HfHub] plain_text/train-00000-of-00001.parquet 0/20 MiB
  [HfHub] plain_text/train-00000-of-00001.parquet 0/20 MiB
  [HfHub] plain_text/train-00000-of-00001.parquet 0/20 MiB
  [HfHub] plain_text/train-00000-of-00001.parquet 0/20 MiB
  [HfHub] plain_text/train-00000-of-00001.parquet 0/20 MiB
  [HfHub] plain_text/train-00000-of-00001.parquet 0/20 MiB
  [HfHub] plain_text/train-00000-of-00001.parquet 0/20 MiB
  [HfHub] plain_text/train-00000-of-00001.parquet 0/20 MiB
  [HfHub] plain_text/train-00000-of-00001.parquet 0/20 MiB
  [HfHub] plain_text/train-00000-of-00001.parquet 0/20 MiB
  [HfHub] plain_text/train-00000-of-00001.parquet 0/20 MiB
  [HfHub] plain_text/train-00000-of-00001.parquet 0/20 MiB
  [HfHub] plain_text/train-00000-of-00001.parquet 0/20 MiB
  [HfHub] plain_text/train-00000-of-00001.parquet 0/20 MiB
  [HfHub] plain_text/train-00000-of-00001.parquet 0/20 MiB
  [HfHub] plain_text/train-00000-of-00001.parquet 0/20 MiB
  [HfHub] plain_text/train-00000-of-00001.parquet 0/20 MiB
  [HfHub] plain_text/train-00000-of-00001.parquet 0/20 MiB
  [HfHub] plain_text/train-00000-of-00001.parquet 0/20 MiB
  [HfHub] plain_text/train-00000-of-00001.parquet 0/20 MiB
  [HfHub] plain_text/train-00000-of-00001.parquet 0/20 MiB
  [HfHub] plain_text/train-00000-of-00001.parquet 0/20 MiB
  [HfHub] plain_text/train-00000-of-00001.parquet 0/20 MiB
  [HfHub] plain_text/train-00000-of-00001.parquet 0/20 MiB
  [HfHub] plain_text/train-00000-of-00001.parquet 0/20 MiB
  [HfHub] plain_text/train-00000-of-00001.parquet 0/20 MiB
  [HfDatasets] snapshot=/var/folders/2s/b306kwk113n8y4pp5l6sf04c0000gn/T/hfds_bench_16137844749100764123/live_cache/datasets--imdb/snapshots/dl-1785166957557
  [HfDatasets] read train-00000-of-00001.parquet
  [HfDatasets] split train -> 64 rows from 1 file(s)
    rows=64 sample={text=I rented I AM CURIOUS-YELLOW from my video store because of all the controversy that surrounded it when it was first released in 1967. I also heard that at first it was seized by U.S. customs if it ever tried to enter this country, therefore being a fan of films considered "controversial" I really had to see this for myself.<br /><br />The plot is centered around a young Swedish drama student named Lena who wants to learn everything she can about life. In particular she wants to focus her attentions to making some sort of documentary on what the average Swede thought about certain political issues such as the Vietnam War and race issues in the United States. In between asking politicians and ordinary denizens of Stockholm about their opinions on politics, she has sex with her drama teacher, classmates, and married men.<br /><br />What kills me about I AM CURIOUS-YELLOW is that 40 years ago, this was considered pornographic. Really, the sex and nudity scenes are few and far between, even then it's not shot like some cheaply made porno. While my countrymen mind find it shocking, in reality sex and nudity are a major staple in Swedish cinema. Even Ingmar Bergman, arguably their answer to good old boy John Ford, had sex scenes in his films.<br /><br />I do commend the filmmakers for the fact that any sex shown in the film is shown for artistic purposes rather than just to shock people and make money to be shown in pornographic theaters in America. I AM CURIOUS-YELLOW is a good film for anyone wanting to study the meat and potatoes (no pun intended) of Swedish cinema. But really, this film doesn't have much of a plot., label=0}
ok
  • LIVE load_dataset squad validation ...   [HfDatasets] load_dataset path=squad name=null split=validation endpoint=https://hf-mirror.com token=hf_s****aRli
  [HfHub] TREE https://hf-mirror.com/api/datasets/squad/tree/main?recursive=1
  [HfDatasets] layout configs=[plain_text] splits=[train, validation] files=2
  [HfHub] GET(stream) https://hf-mirror.com/datasets/squad/resolve/main/plain_text/validation-00000-of-00001.parquet
  [HfHub] plain_text/validation-00000-of-00001.parquet 0/1 MiB
  [HfHub] plain_text/validation-00000-of-00001.parquet 0/1 MiB
  [HfHub] plain_text/validation-00000-of-00001.parquet 0/1 MiB
  [HfHub] plain_text/validation-00000-of-00001.parquet 0/1 MiB
  [HfHub] plain_text/validation-00000-of-00001.parquet 0/1 MiB
  [HfHub] plain_text/validation-00000-of-00001.parquet 0/1 MiB
  [HfHub] plain_text/validation-00000-of-00001.parquet 0/1 MiB
  [HfHub] plain_text/validation-00000-of-00001.parquet 0/1 MiB
  [HfHub] plain_text/validation-00000-of-00001.parquet 0/1 MiB
  [HfHub] plain_text/validation-00000-of-00001.parquet 0/1 MiB
  [HfHub] plain_text/validation-00000-of-00001.parquet 0/1 MiB
  [HfHub] plain_text/validation-00000-of-00001.parquet 0/1 MiB
  [HfHub] plain_text/validation-00000-of-00001.parquet 0/1 MiB
  [HfHub] plain_text/validation-00000-of-00001.parquet 0/1 MiB
  [HfHub] plain_text/validation-00000-of-00001.parquet 0/1 MiB
  [HfHub] plain_text/validation-00000-of-00001.parquet 0/1 MiB
  [HfHub] plain_text/validation-00000-of-00001.parquet 0/1 MiB
  [HfHub] plain_text/validation-00000-of-00001.parquet 0/1 MiB
  [HfHub] plain_text/validation-00000-of-00001.parquet 0/1 MiB
  [HfHub] plain_text/validation-00000-of-00001.parquet 0/1 MiB
  [HfHub] plain_text/validation-00000-of-00001.parquet 0/1 MiB
  [HfHub] plain_text/validation-00000-of-00001.parquet 0/1 MiB
  [HfHub] plain_text/validation-00000-of-00001.parquet 0/1 MiB
  [HfHub] plain_text/validation-00000-of-00001.parquet 0/1 MiB
  [HfHub] plain_text/validation-00000-of-00001.parquet 0/1 MiB
  [HfHub] plain_text/validation-00000-of-00001.parquet 0/1 MiB
  [HfHub] plain_text/validation-00000-of-00001.parquet 0/1 MiB
  [HfHub] plain_text/validation-00000-of-00001.parquet 0/1 MiB
  [HfHub] plain_text/validation-00000-of-00001.parquet 0/1 MiB
  [HfHub] plain_text/validation-00000-of-00001.parquet 0/1 MiB
  [HfHub] plain_text/validation-00000-of-00001.parquet 0/1 MiB
  [HfHub] plain_text/validation-00000-of-00001.parquet 0/1 MiB
  [HfHub] plain_text/validation-00000-of-00001.parquet 0/1 MiB
  [HfHub] plain_text/validation-00000-of-00001.parquet 0/1 MiB
  [HfHub] plain_text/validation-00000-of-00001.parquet 0/1 MiB
  [HfHub] plain_text/validation-00000-of-00001.parquet 0/1 MiB
  [HfHub] plain_text/validation-00000-of-00001.parquet 0/1 MiB
  [HfHub] plain_text/validation-00000-of-00001.parquet 0/1 MiB
  [HfHub] plain_text/validation-00000-of-00001.parquet 0/1 MiB
  [HfHub] plain_text/validation-00000-of-00001.parquet 0/1 MiB
  [HfHub] plain_text/validation-00000-of-00001.parquet 0/1 MiB
  [HfHub] plain_text/validation-00000-of-00001.parquet 0/1 MiB
  [HfHub] plain_text/validation-00000-of-00001.parquet 0/1 MiB
  [HfHub] plain_text/validation-00000-of-00001.parquet 0/1 MiB
  [HfHub] plain_text/validation-00000-of-00001.parquet 0/1 MiB
  [HfHub] plain_text/validation-00000-of-00001.parquet 0/1 MiB
  [HfHub] plain_text/validation-00000-of-00001.parquet 0/1 MiB
  [HfHub] plain_text/validation-00000-of-00001.parquet 0/1 MiB
  [HfHub] plain_text/validation-00000-of-00001.parquet 0/1 MiB
  [HfHub] plain_text/validation-00000-of-00001.parquet 0/1 MiB
  [HfHub] plain_text/validation-00000-of-00001.parquet 0/1 MiB
  [HfHub] plain_text/validation-00000-of-00001.parquet 0/1 MiB
  [HfHub] plain_text/validation-00000-of-00001.parquet 0/1 MiB
  [HfHub] plain_text/validation-00000-of-00001.parquet 0/1 MiB
  [HfHub] plain_text/validation-00000-of-00001.parquet 0/1 MiB
  [HfHub] plain_text/validation-00000-of-00001.parquet 0/1 MiB
  [HfHub] plain_text/validation-00000-of-00001.parquet 0/1 MiB
  [HfHub] plain_text/validation-00000-of-00001.parquet 0/1 MiB
  [HfHub] plain_text/validation-00000-of-00001.parquet 0/1 MiB
  [HfHub] plain_text/validation-00000-of-00001.parquet 0/1 MiB
  [HfHub] plain_text/validation-00000-of-00001.parquet 0/1 MiB
  [HfHub] plain_text/validation-00000-of-00001.parquet 0/1 MiB
  [HfHub] plain_text/validation-00000-of-00001.parquet 0/1 MiB
  [HfHub] plain_text/validation-00000-of-00001.parquet 0/1 MiB
  [HfHub] plain_text/validation-00000-of-00001.parquet 0/1 MiB
  [HfDatasets] snapshot=/var/folders/2s/b306kwk113n8y4pp5l6sf04c0000gn/T/hfds_bench_16137844749100764123/live_cache/datasets--squad/snapshots/dl-1785167287377
  [HfDatasets] read validation-00000-of-00001.parquet
  [HfDatasets] split validation -> 32 rows from 1 file(s)
    rows=32 cols=[id, title, context, question, answers]
ok
  • LIVE load_dataset cais/mmlu abstract_algebra ...   [HfDatasets] load_dataset path=cais/mmlu name=abstract_algebra split=null endpoint=https://hf-mirror.com token=hf_s****aRli
  [HfHub] TREE https://hf-mirror.com/api/datasets/cais/mmlu/tree/main?recursive=1
  [HfDatasets] layout configs=[abstract_algebra, all, anatomy, astronomy, auxiliary_train, business_ethics, clinical_knowledge, college_biology, college_chemistry, college_computer_science, college_mathematics, college_medicine, college_physics, computer_security, conceptual_physics, default, econometrics, electrical_engineering, elementary_mathematics, formal_logic, global_facts, high_school_biology, high_school_chemistry, high_school_computer_science, high_school_european_history, high_school_geography, high_school_government_and_politics, high_school_macroeconomics, high_school_mathematics, high_school_microeconomics, high_school_physics, high_school_psychology, high_school_statistics, high_school_us_history, high_school_world_history, human_aging, human_sexuality, international_law, jurisprudence, logical_fallacies, machine_learning, management, marketing, medical_genetics, miscellaneous, moral_disputes, moral_scenarios, nutrition, philosophy, prehistory, professional_accounting, professional_law, professional_medicine, professional_psychology, public_relations, security_studies, sociology, us_foreign_policy, virology, world_religions] splits=[validation, test, auxiliary_train, train] files=177
  [HfHub] GET(stream) https://hf-mirror.com/datasets/cais/mmlu/resolve/main/abstract_algebra/dev-00000-of-00001.parquet
  [HfHub] abstract_algebra/dev-00000-of-00001.parquet 0/0 MiB
  [HfHub] GET(stream) https://hf-mirror.com/datasets/cais/mmlu/resolve/main/abstract_algebra/validation-00000-of-00001.parquet
  [HfHub] abstract_algebra/validation-00000-of-00001.parquet 0/0 MiB
  [HfHub] GET(stream) https://hf-mirror.com/datasets/cais/mmlu/resolve/main/abstract_algebra/test-00000-of-00001.parquet
  [HfHub] abstract_algebra/test-00000-of-00001.parquet 0/0 MiB
  [HfDatasets] snapshot=/var/folders/2s/b306kwk113n8y4pp5l6sf04c0000gn/T/hfds_bench_16137844749100764123/live_cache/datasets--cais--mmlu/snapshots/dl-1785167293371
  [HfDatasets] read dev-00000-of-00001.parquet
  [HfDatasets] read validation-00000-of-00001.parquet
  [HfDatasets] split validation -> 16 rows from 2 file(s)
  [HfDatasets] read test-00000-of-00001.parquet
  [HfDatasets] split test -> 16 rows from 1 file(s)
    DatasetDict({validation: 16 rows, test: 16 rows})
ok
  • LIVE load_dataset nyu-mll/glue mrpc (alias path) ...   [HfDatasets] load_dataset path=nyu-mll/glue name=mrpc split=train endpoint=https://hf-mirror.com token=hf_s****aRli
  [HfHub] TREE https://hf-mirror.com/api/datasets/nyu-mll/glue/tree/main?recursive=1
  [HfDatasets] layout configs=[ax, cola, mnli, mnli_matched, mnli_mismatched, mrpc, qnli, qqp, rte, sst2, stsb, wnli] splits=[test, train, validation, test_matched, test_mismatched, validation_matched, validation_mismatched] files=34
  [HfHub] GET(stream) https://hf-mirror.com/datasets/nyu-mll/glue/resolve/main/mrpc/train-00000-of-00001.parquet
  [HfHub] mrpc/train-00000-of-00001.parquet 0/0 MiB
  [HfHub] mrpc/train-00000-of-00001.parquet 0/0 MiB
  [HfHub] mrpc/train-00000-of-00001.parquet 0/0 MiB
  [HfHub] mrpc/train-00000-of-00001.parquet 0/0 MiB
  [HfHub] mrpc/train-00000-of-00001.parquet 0/0 MiB
  [HfHub] mrpc/train-00000-of-00001.parquet 0/0 MiB
  [HfHub] mrpc/train-00000-of-00001.parquet 0/0 MiB
  [HfHub] mrpc/train-00000-of-00001.parquet 0/0 MiB
  [HfHub] mrpc/train-00000-of-00001.parquet 0/0 MiB
  [HfHub] mrpc/train-00000-of-00001.parquet 0/0 MiB
  [HfHub] mrpc/train-00000-of-00001.parquet 0/0 MiB
  [HfHub] mrpc/train-00000-of-00001.parquet 0/0 MiB
  [HfHub] mrpc/train-00000-of-00001.parquet 0/0 MiB
  [HfHub] mrpc/train-00000-of-00001.parquet 0/0 MiB
  [HfHub] mrpc/train-00000-of-00001.parquet 0/0 MiB
  [HfHub] mrpc/train-00000-of-00001.parquet 0/0 MiB
  [HfHub] mrpc/train-00000-of-00001.parquet 0/0 MiB
  [HfHub] mrpc/train-00000-of-00001.parquet 0/0 MiB
  [HfHub] mrpc/train-00000-of-00001.parquet 0/0 MiB
  [HfHub] mrpc/train-00000-of-00001.parquet 0/0 MiB
  [HfHub] mrpc/train-00000-of-00001.parquet 0/0 MiB
  [HfHub] mrpc/train-00000-of-00001.parquet 0/0 MiB
  [HfHub] mrpc/train-00000-of-00001.parquet 0/0 MiB
  [HfHub] mrpc/train-00000-of-00001.parquet 0/0 MiB
  [HfHub] mrpc/train-00000-of-00001.parquet 0/0 MiB
  [HfHub] mrpc/train-00000-of-00001.parquet 0/0 MiB
  [HfHub] mrpc/train-00000-of-00001.parquet 0/0 MiB
  [HfHub] mrpc/train-00000-of-00001.parquet 0/0 MiB
  [HfHub] mrpc/train-00000-of-00001.parquet 0/0 MiB
  [HfHub] mrpc/train-00000-of-00001.parquet 0/0 MiB
  [HfHub] mrpc/train-00000-of-00001.parquet 0/0 MiB
  [HfHub] mrpc/train-00000-of-00001.parquet 0/0 MiB
  [HfHub] mrpc/train-00000-of-00001.parquet 0/0 MiB
  [HfHub] mrpc/train-00000-of-00001.parquet 0/0 MiB
  [HfHub] mrpc/train-00000-of-00001.parquet 0/0 MiB
  [HfHub] mrpc/train-00000-of-00001.parquet 0/0 MiB
  [HfHub] mrpc/train-00000-of-00001.parquet 0/0 MiB
  [HfHub] mrpc/train-00000-of-00001.parquet 0/0 MiB
  [HfHub] mrpc/train-00000-of-00001.parquet 0/0 MiB
  [HfHub] mrpc/train-00000-of-00001.parquet 0/0 MiB
  [HfDatasets] snapshot=/var/folders/2s/b306kwk113n8y4pp5l6sf04c0000gn/T/hfds_bench_16137844749100764123/live_cache/datasets--nyu-mll--glue/snapshots/dl-1785167299268
  [HfDatasets] read train-00000-of-00001.parquet
  [HfDatasets] split train -> 64 rows from 1 file(s)
    DatasetDict({train: 64 rows}) sample={sentence1=Amrozi accused his brother , whom he called " the witness " , of deliberately distorting his evidence ., sentence2=Referring to him as only " the witness " , Amrozi accused his brother of deliberately distorting his evidence ., label=1, idx=0}
ok
  • LIVE tree API pagination / large tree mmlu ...   [HfHub] TREE https://hf-mirror.com/api/datasets/cais/mmlu/tree/main?recursive=1
    tree=240 dataFiles=177
ok
  • LIVE datasetInfo imdb ...   [HfHub] GET https://hf-mirror.com/api/datasets/imdb?revision=main
    keys=[id, sha, author, siblings, configs]
ok
  • LIVE map/filter pipeline on glue/cola ...   [HfDatasets] load_dataset path=glue name=cola split=train endpoint=https://hf-mirror.com token=hf_s****aRli
  [HfHub] TREE https://hf-mirror.com/api/datasets/glue/tree/main?recursive=1
  [HfDatasets] layout configs=[ax, cola, mnli, mnli_matched, mnli_mismatched, mrpc, qnli, qqp, rte, sst2, stsb, wnli] splits=[test, train, validation, test_matched, test_mismatched, validation_matched, validation_mismatched] files=34
  [HfDatasets] snapshot=/var/folders/2s/b306kwk113n8y4pp5l6sf04c0000gn/T/hfds_bench_16137844749100764123/live_cache/datasets--glue/snapshots/dl-1785166945540
  [HfDatasets] read train-00000-of-00001.parquet
  [HfDatasets] split train -> 64 rows from 1 file(s)
    mapped=64 long=61 (df bridge skipped)
ok
── 7. Edge cases ──
  • empty / bad inputs ... ok
  • features() + select indices ... ok

=== RESULT ===
passed=86 failed=0 skipped=0
ALL OK
