[23:43:51] parallel resume=973078528 total=3468553776 workers=6
create target size=3468553776
copied partial 973078528
pending chunks=149
  ok 1006632960 +16777216  28.5%  60.70MB/s
  ok 1040187392 +16777216  29.0%  59.83MB/s
  ok 1056964608 +16777216  29.5%  60.61MB/s
  ok 973078528 +16777216  30.0%  55.80MB/s
  ok 1090519040 +16777216  30.5%  46.51MB/s
  ok 1107296256 +16777216  31.0%  41.81MB/s
  ok 1073741824 +16777216  31.4%  42.25MB/s
  ok 1140850688 +16777216  31.9%  25.74MB/s
  ok 1124073472 +16777216  32.4%  23.90MB/s
  ok 989855744 +16777216  32.9%  24.07MB/s
  ok 1207959552 +16777216  33.4%  22.87MB/s
  ok 1241513984 +16777216  33.9%  16.36MB/s
  ok 1224736768 +16777216  34.3%  15.19MB/s
  ok 1174405120 +16777216  34.8%  14.96MB/s
  ok 1275068416 +16777216  35.3%  14.23MB/s
  ok 1023410176 +16777216  35.8%  13.05MB/s
  ok 1308622848 +16777216  36.3%  13.20MB/s
  ok 1157627904 +16777216  36.8%  13.06MB/s
  ok 1342177280 +16777216  37.2%  11.82MB/s
  ok 1375731712 +16777216  37.7%  11.19MB/s
  ok 1291845632 +16777216  38.2%  10.64MB/s
  ok 1258291200 +16777216  38.7%  10.70MB/s
  ok 1358954496 +16777216  39.2%  9.17MB/s
  ok 1442840576 +16777216  39.7%  8.74MB/s
  ok 1409286144 +16777216  40.1%  8.58MB/s
  ok 1476395008 +16777216  40.6%  8.57MB/s
  ok 1325400064 +16777216  41.1%  8.59MB/s
  ok 1426063360 +16777216  41.6%  8.32MB/s
  ok 1493172224 +16777216  42.1%  7.85MB/s
  ok 1543503872 +16777216  42.6%  7.52MB/s
  ok 1560281088 +16777216  43.0%  7.17MB/s
  ok 1459617792 +16777216  43.5%  7.20MB/s
  ok 1577058304 +16777216  44.0%  7.26MB/s
  ok 1610612736 +16777216  44.5%  7.08MB/s
  ok 1392508928 +16777216  45.0%  6.48MB/s
  ok 1191182336 +16777216  45.5%  6.51MB/s
  ok 1644167168 +16777216  46.0%  6.43MB/s
  ok 1660944384 +16777216  46.4%  6.13MB/s
  ok 1677721600 +16777216  46.9%  6.08MB/s
  ok 1526726656 +16777216  47.4%  6.02MB/s
  ok 1728053248 +16777216  47.9%  5.70MB/s
  ok 1509949440 +16777216  48.4%  5.74MB/s
  ok 1593835520 +16777216  48.9%  5.61MB/s
  ok 1761607680 +16777216  49.3%  5.53MB/s
  ok 1795162112 +16777216  49.8%  5.55MB/s
  ok 1627389952 +16777216  50.3%  5.52MB/s
  ok 1778384896 +16777216  50.8%  5.52MB/s
  ok 1694498816 +16777216  51.3%  5.48MB/s
  ok 1744830464 +16777216  51.8%  5.32MB/s
  ok 1862270976 +16777216  52.2%  5.28MB/s
  ok 1828716544 +16777216  52.7%  5.07MB/s
  ok 1711276032 +16777216  53.2%  5.04MB/s
  ok 1845493760 +16777216  53.7%  5.07MB/s
  ok 1879048192 +16777216  54.2%  5.01MB/s
  ok 1895825408 +16777216  54.7%  4.90MB/s
  ok 1929379840 +16777216  55.1%  4.93MB/s
  ok 1811939328 +16777216  55.6%  4.90MB/s
  ok 2013265920 +16777216  56.1%  4.91MB/s
  ok 1979711488 +16777216  56.6%  4.87MB/s
  ok 2046820352 +16777216  57.1%  4.82MB/s
  ok 2063597568 +16777216  57.6%  4.78MB/s
  ok 2030043136 +16777216  58.0%  4.81MB/s
  ok 2080374784 +16777216  58.5%  4.44MB/s
  ok 1962934272 +16777216  59.0%  4.15MB/s
  ok 2130706432 +16777216  59.5%  4.16MB/s
  ok 2147483648 +16777216  60.0%  3.96MB/s
  ok 1996488704 +16777216  60.5%  3.95MB/s
  ok 2181038080 +16777216  60.9%  3.96MB/s
  ok 2164260864 +16777216  61.4%  3.93MB/s
  ok 2214592512 +16777216  61.9%  3.83MB/s
  ok 2097152000 +16777216  62.4%  3.84MB/s
  ok 1912602624 +16777216  62.9%  3.82MB/s
  ok 1946157056 +16777216  63.4%  3.81MB/s
  ok 2264924160 +16777216  63.8%  3.77MB/s
  ok 2281701376 +16777216  64.3%  3.76MB/s
  ok 2231369728 +16777216  64.8%  3.78MB/s
  ok 2248146944 +16777216  65.3%  3.77MB/s
  ok 2197815296 +16777216  65.8%  3.79MB/s
  ok 2315255808 +16777216  66.3%  3.80MB/s
  ok 2348810240 +16777216  66.7%  3.81MB/s
  ok 2298478592 +16777216  67.2%  3.71MB/s
  ok 2382364672 +16777216  67.7%  3.66MB/s
  ok 2365587456 +16777216  68.2%  3.62MB/s
  ok 2399141888 +16777216  68.7%  3.57MB/s
  ok 2332033024 +16777216  69.2%  3.55MB/s
  ok 2432696320 +16777216  69.7%  3.57MB/s
  ok 2499805184 +16777216  70.1%  3.49MB/s
  ok 2483027968 +16777216  70.6%  3.32MB/s
  ok 2113929216 +16777216  71.1%  3.30MB/s
  ok 2550136832 +16777216  71.6%  3.29MB/s
  ok 2533359616 +16777216  72.1%  3.31MB/s
  ok 2449473536 +16777216  72.6%  3.29MB/s
  ok 2566914048 +16777216  73.0%  3.31MB/s
  ok 2583691264 +16777216  73.5%  3.26MB/s
  ok 2466250752 +16777216  74.0%  3.23MB/s
  ok 2634022912 +16777216  74.5%  3.20MB/s
  ok 2415919104 +16777216  75.0%  3.18MB/s
  ok 2684354560 +16777216  75.5%  3.15MB/s
  ok 2617245696 +16777216  75.9%  3.17MB/s
  ok 2650800128 +16777216  76.4%  3.15MB/s
  ok 2717908992 +16777216  76.9%  3.17MB/s
  ok 2600468480 +16777216  77.4%  3.17MB/s
  ok 2734686208 +16777216  77.9%  3.18MB/s
  ok 2667577344 +16777216  78.4%  3.17MB/s
  ok 2516582400 +16777216  78.8%  3.18MB/s
  ok 2768240640 +16777216  79.3%  3.18MB/s
  ok 2785017856 +16777216  79.8%  3.17MB/s
  ok 2701131776 +16777216  80.3%  3.18MB/s
  ok 2751463424 +16777216  80.8%  3.19MB/s
  ok 2818572288 +16777216  81.3%  3.21MB/s
  ok 2902458368 +16777216  81.7%  3.17MB/s
  ok 2868903936 +16777216  82.2%  3.19MB/s
  ok 2852126720 +16777216  82.7%  3.20MB/s
  ok 2936012800 +16777216  83.2%  3.16MB/s
  ok 2952790016 +16777216  83.7%  3.15MB/s
  ok 2969567232 +16777216  84.2%  3.14MB/s
  ok 3003121664 +16777216  84.6%  3.12MB/s
  ok 2801795072 +16777216  85.1%  3.13MB/s
  ok 3019898880 +16777216  85.6%  3.13MB/s
  ok 3036676096 +16777216  86.1%  3.14MB/s
  ok 2986344448 +16777216  86.6%  3.14MB/s
  ok 2885681152 +16777216  87.1%  3.16MB/s
  ok 3070230528 +16777216  87.5%  3.17MB/s
  ok 3103784960 +16777216  88.0%  3.17MB/s
  ok 2919235584 +16777216  88.5%  3.14MB/s
  ok 3087007744 +16777216  89.0%  3.14MB/s
  ok 3120562176 +16777216  89.5%  3.15MB/s
  ok 3187671040 +16777216  90.0%  3.14MB/s
  ok 3154116608 +16777216  90.5%  3.13MB/s
  ok 3053453312 +16777216  90.9%  3.14MB/s
  ok 3137339392 +16777216  91.4%  2.99MB/s
  ok 3254779904 +16777216  91.9%  3.00MB/s
  ok 3271557120 +16777216  92.4%  3.00MB/s
  ok 3204448256 +16777216  92.9%  2.97MB/s
  ok 2835349504 +16777216  93.4%  2.98MB/s
  ok 3288334336 +16777216  93.8%  2.99MB/s
  ok 3170893824 +16777216  94.3%  3.01MB/s
  ok 3321888768 +16777216  94.8%  3.01MB/s
  ok 3355443200 +16777216  95.3%  3.02MB/s
  ok 3338665984 +16777216  95.8%  3.03MB/s
  ok 3388997632 +16777216  96.3%  3.03MB/s
  ok 3422552064 +16777216  96.7%  3.02MB/s
  ok 3238002688 +16777216  97.2%  3.01MB/s
  ok 3439329280 +16777216  97.7%  3.03MB/s
  ok 3372220416 +16777216  98.2%  3.01MB/s
  ok 3305111552 +16777216  98.7%  3.01MB/s
  ok 3405774848 +16777216  99.2%  2.92MB/s
  ok 3221225472 +16777216  99.6%  2.90MB/s
  ok 3456106496 +12447280  100.0%  2.79MB/s
FULL_QWEN3VL_OK 00:04:34 size=3468553776
