=== Testing Point Cloud Operations ===
WARNING: A restricted method in java.lang.System has been called
WARNING: java.lang.System::loadLibrary has been called by org.bytedeco.javacpp.Loader in an unnamed module (file:/Users/muller/.m2/repository/org/bytedeco/javacpp/1.5.14-SNAPSHOT/javacpp-1.5.14-SNAPSHOT.jar)
WARNING: Use --enable-native-access=ALL-UNNAMED to avoid a warning for callers in this module
WARNING: Restricted methods will be blocked in a future release unless native access is enabled

Device: CPU

[FPS]
FPS Output Shape: [2, 10]
Indices:
Tensor[shape=[2, 10], dtype=Long, device=cpu, numel=20, values=
  [[0, 48, 56, 69, 17, 59, 52, 30, 92, 79],
   [0, 8, 30, 66, 23, 37, 49, 54, 17, 52]]]

[KNN Graph (k=5)]
Edge Index Shape: [2, 1000]

[Approx KNN Graph (proj=1)]
Approx Edge Index Shape: [2, 1000]

[Voxel Grid Downsampling]
Original Points: 200
 pooled Points: 194
Pooled X Shape: [194, 3]
Pooled Batch Shape: [194]
