WARNING: A restricted method in java.lang.System has been called
WARNING: java.lang.System::loadLibrary has been called by org.bytedeco.javacpp.Loader in an unnamed module (file:/Users/muller/.m2/repository/org/bytedeco/javacpp/1.5.14-SNAPSHOT/javacpp-1.5.14-SNAPSHOT.jar)
WARNING: Use --enable-native-access=ALL-UNNAMED to avoid a warning for callers in this module
WARNING: Restricted methods will be blocked in a future release unless native access is enabled

=== Specialized Remaining Benchmark ===
N=16 E=32 in=8 out=8

PASS  CuGraphSAGEConv
[W729 16:05:07.929444000 TensorAdvancedIndexing.cpp:1524] Warning: index_reduce() is in beta and the API may change at any time. (function operator())
PASS  CuGraphGATConv
PASS  CuGraphRGCNConv
PASS  FusedGATConv
PASS  GMMConv
PASS  SplineConv
PASS  GravNetConv
PASS  XConv
0 11 8
2 8 8
PASS  PointNetConv
[W729 16:05:07.988820000 Cross.cpp:67] Warning: Using torch.cross without specifying the dim arg is deprecated.
Please either pass the dim explicitly or simply use torch.linalg.cross.
The default value of dim will change to agree with that of linalg.cross in a future release. (function operator())
PASS  PPFConv
PASS  PointGNNConv
PASS  PointTransformerConv
PASS  DynamicEdgeConv
PASS  MixHopConv
PASS  DNAConv
PASS  PDNConv
PASS  NNConv
PASS  EGConv
PASS  RGATConv
PASS  GeneralConv
PASS  DirGNNConv
PASS  GPSConv
PASS  AntiSymmetricConv
PASS  WLConv
PASS  HEATConv
PASS  HANConv
k before einsum:0000 item_bought_by_user  [8, 2, 4]
v before einsum:1111 item_bought_by_user  [8, 2, 4]
rAtt before einsum:2222 [2, 4, 4]
rMsg before einsum:2222 [2, 4, 4]
k before einsum: [8, 2, 4]
k before einsum:0000 user_buys_item  [8, 2, 4]
v before einsum:1111 user_buys_item  [8, 2, 4]
rAtt before einsum:2222 [2, 4, 4]
rMsg before einsum:2222 [2, 4, 4]
k before einsum: [8, 2, 4]
PASS  HGTConv
Checking Edge: 222item,to,item
Checking Edge: 222user,to,user
PASS  HeteroConv
PASS  TransE
PASS  DistMult
PASS  ComplEx
PASS  RotatE
PASS  GIN.model
PASS  GAT.model
PASS  PNA.model
PASS  LightGCN
PASS  GCNEncoder
PASS  NeuralFingerprint
PASS  GraphUNet
PASS  EdgeCNN
PASS  JumpingKnowledge.cat
PASS  GAE
PASS  InnerProductDecoder
AddMetaPaths: drug -> binds -> protein -> binds -> drug
PASS  AddMetaPaths
PASS  LargestConnectedComponents
PASS  LargestConnectedComponents.top2

----- Results -----
name                               status    ms/iter notes
CuGraphSAGEConv                      PASS    0.352  shape=[16, 8]
CuGraphGATConv                       PASS    0.400  shape=[16, 16]
CuGraphRGCNConv                      PASS    0.257  shape=[16, 8]
FusedGATConv                         PASS    0.248  shape=[16, 16]
GMMConv                              PASS    0.098  shape=[16, 8]
SplineConv                           PASS    0.376  shape=[16, 8]
GravNetConv                          PASS    0.166  shape=[16, 8]
XConv                                PASS    0.095  shape=[16, 8]
PointNetConv                         PASS    0.094  shape=[16, 8]
PPFConv                              PASS    0.216  shape=[16, 8]
PointGNNConv                         PASS    0.104  shape=[16, 8]
PointTransformerConv                 PASS    0.125  shape=[16, 8]
DynamicEdgeConv                      PASS    0.140  shape=[16, 8]
MixHopConv                           PASS    0.089  shape=[16, 24]
DNAConv                              PASS    0.155  shape=[16, 8]
PDNConv                              PASS    0.051  shape=[16, 8]
NNConv                               PASS    0.058  shape=[16, 8]
EGConv                               PASS    0.581  shape=[16, 8]
RGATConv                             PASS    0.130  shape=[16, 16]
GeneralConv                          PASS    0.107  shape=[16, 16]
DirGNNConv                           PASS    0.107  shape=[16, 8]
GPSConv                              PASS    0.349  shape=[16, 8]
AntiSymmetricConv                    PASS    0.192  shape=[16, 8]
WLConv                               PASS    0.039  shape=[16]
HEATConv                             PASS    0.093  shape=[16, 16]
HANConv                              PASS        -  ok
HGTConv                              PASS        -  ok
HeteroConv                           PASS        -  ok
TransE                               PASS    0.040  shape=[3]
DistMult                             PASS    0.022  shape=[3]
ComplEx                              PASS    0.053  shape=[3]
RotatE                               PASS    0.058  shape=[3]
GIN.model                            PASS    0.614  shape=[16, 4]
GAT.model                            PASS    0.195  shape=[16, 4]
PNA.model                            PASS    0.545  shape=[16, 4]
LightGCN                             PASS    0.060  shape=[16, 8]
GCNEncoder                           PASS    0.131  shape=[16, 8]
NeuralFingerprint                    PASS    0.298  shape=[1, 32]
GraphUNet                            PASS    0.285  shape=[16, 4]
EdgeCNN                              PASS    0.295  shape=[16, 8]
JumpingKnowledge.cat                 PASS    0.005  shape=[16, 24]
GAE                                  PASS    0.210  shape=[16, 8]
InnerProductDecoder                  PASS        -  ok
AddMetaPaths                         PASS        -  ok
LargestConnectedComponents           PASS        -  ok
LargestConnectedComponents.top2      PASS        -  ok

PASSED=46 FAILED=0 TOTAL=46
