========== multi_task (13) ==========

── multi_task/EmbeddingLayer ──
Warning: Loader.putMemberOffset(): java.lang.ClassNotFoundException: org.bytedeco.pytorch.BackendMetaPtr
Warning: Loader.putMemberOffset(): java.lang.ClassNotFoundException: org.bytedeco.pytorch.ExampleBatchMapper
Warning: Loader.putMemberOffset(): java.lang.ClassNotFoundException: org.bytedeco.pytorch.ExampleMapper
Warning: Loader.putMemberOffset(): java.lang.ClassNotFoundException: org.bytedeco.pytorch.OperationCreator
Warning: Loader.putMemberOffset(): java.lang.ClassNotFoundException: org.bytedeco.pytorch.TensorValueMapper
EmbeddingLayer(
  (embed_user_id): torch::nn::EmbeddingImpl(num_embeddings=500, embedding_dim=8)
  (embed_item_id): torch::nn::EmbeddingImpl(num_embeddings=1000, embedding_dim=8)
  (embed_seq_click_seq): torch::nn::EmbeddingImpl(num_embeddings=200, embedding_dim=8)
)
[WARNING] Ignoring unknown sparse features: u_age. Available tables: embed_user_id, embed_item_id, embed_seq_click_seq
[vista] wrote interactive graph → /Users/muller/Documents/code/rust/javacpp-presets/pytorch/samples/out/vista-all/multi_task/EmbeddingLayer.html
TraceGraph{nodes=6, edges=5} → EmbeddingLayer.html
  [Input] user_id e=1
  [Input] item_id e=1
  [Input] u_age e=1
  [Input] click_seq e=1
  [Module] EmbeddingLayer e=1
  [Output] output e=0

── multi_task/SharedBottom ──
SharedBottom(
  (embedding): EmbeddingLayer(
    (embed_user_id): torch::nn::EmbeddingImpl(num_embeddings=500, embedding_dim=8)
    (embed_item_id): torch::nn::EmbeddingImpl(num_embeddings=1000, embedding_dim=8)
    (embed_cate_id): torch::nn::EmbeddingImpl(num_embeddings=50, embedding_dim=8)
  )
  (bottom_mlp): MLP(
    (sequential): torch::nn::SequentialImpl(
      (0): torch::nn::LinearImpl(in_features=24, out_features=32, bias=true)
      (1): torch::nn::ReLUImpl
    )
  )
  (tower_0): MLP(
    (sequential): torch::nn::SequentialImpl(
[vista] wrote interactive graph → /Users/muller/Documents/code/rust/javacpp-presets/pytorch/samples/out/vista-all/multi_task/SharedBottom.html
TraceGraph{nodes=17, edges=17} → SharedBottom.html
  [Input] user_id e=1
  [Input] item_id e=1
  [Input] cate_id e=1
  [Module] embedding.embed_user_id e=1
  [Module] embedding.embed_item_id e=1
  [Module] embedding.embed_cate_id e=1
  … +11 more

── multi_task/ESMM ──
[DeviceSupport] active device backend: mps (requested=AUTO, cuda=false, mps=true, os=mac os x)
ESMM(
  (userEmbedding): EmbeddingLayer(
    (embed_user_id): torch::nn::EmbeddingImpl(num_embeddings=500, embedding_dim=8)
    (embed_u_age): torch::nn::EmbeddingImpl(num_embeddings=20, embedding_dim=4)
  )
  (itemEmbedding): EmbeddingLayer(
    (embed_item_id): torch::nn::EmbeddingImpl(num_embeddings=1000, embedding_dim=8)
    (embed_cate_id): torch::nn::EmbeddingImpl(num_embeddings=50, embedding_dim=4)
  )
  (tower_cvr): MLP(
    (sequential): torch::nn::SequentialImpl(
      (0): torch::nn::LinearImpl(in_features=24, out_features=128, bias=true)
      (1): torch::nn::ReLUImpl
      (2): torch::nn::LinearImpl(in_features=128, out_features=64, bias=true)
[WARNING] Ignoring unknown sparse features: item_id, cate_id. Available tables: embed_user_id, embed_u_age
[WARNING] Ignoring unknown sparse features: user_id, u_age. Available tables: embed_item_id, embed_cate_id
[vista] wrote interactive graph → /Users/muller/Documents/code/rust/javacpp-presets/pytorch/samples/out/vista-all/multi_task/ESMM.html
TraceGraph{nodes=25, edges=32} → ESMM.html
  [Input] user_id e=3
  [Input] u_age e=3
  [Input] item_id e=3
  [Input] cate_id e=3
  [Module] userEmbedding.embed_user_id e=1
  [Module] userEmbedding.embed_user_id e=1
  … +19 more

── multi_task/MetaHeac ──
MetaHeac(
  (embedding): EmbeddingLayer(
    (embed_user_id): torch::nn::EmbeddingImpl(num_embeddings=500, embedding_dim=8)
    (embed_item_id): torch::nn::EmbeddingImpl(num_embeddings=1000, embedding_dim=8)
    (embed_cate_id): torch::nn::EmbeddingImpl(num_embeddings=50, embedding_dim=8)
  )
  (taskEmbedding_0): MetaEmbedding(
    (embedding): torch::nn::EmbeddingImpl(num_embeddings=2, embedding_dim=8)
  )
  (taskEmbedding_1): MetaEmbedding(
    (embedding): torch::nn::EmbeddingImpl(num_embeddings=2, embedding_dim=8)
  )
  (expert_0): MLP(
    (sequential): torch::nn::SequentialImpl(
[vista] wrote interactive graph → /Users/muller/Documents/code/rust/javacpp-presets/pytorch/samples/out/vista-all/multi_task/MetaHeac.html
TraceGraph{nodes=24, edges=29} → MetaHeac.html
  [Input] user_id e=1
  [Input] item_id e=1
  [Input] cate_id e=1
  [Input] input_task e=2
  [Module] embedding.embed_user_id e=1
  [Module] embedding.embed_item_id e=1
  … +18 more

multi_task: ok=4 fail=0 skip=9

========== generative (12) ==========

generative: ok=0 fail=0 skip=12

HTML root: /Users/muller/Documents/code/rust/javacpp-presets/pytorch/samples/out/vista-all
Controls: →LR ←RL ↓TB ↑BT · ＋/－ zoom · 🍡Cute 🌙Dark 💼Office · 📌 pin-drag · ⇩ Export
Gallery index: /Users/muller/Documents/code/rust/javacpp-presets/pytorch/samples/out/vista-all/index.html
