========== multi_task (13) ==========

── multi_task/SharedBottom ──
Warning: Loader.putMemberOffset(): java.lang.ClassNotFoundException: org.bytedeco.pytorch.BackendMetaPtr
Warning: Loader.putMemberOffset(): java.lang.ClassNotFoundException: org.bytedeco.pytorch.ExampleBatchMapper
Warning: Loader.putMemberOffset(): java.lang.ClassNotFoundException: org.bytedeco.pytorch.ExampleMapper
Warning: Loader.putMemberOffset(): java.lang.ClassNotFoundException: org.bytedeco.pytorch.OperationCreator
Warning: Loader.putMemberOffset(): java.lang.ClassNotFoundException: org.bytedeco.pytorch.TensorValueMapper
SharedBottom(
  (embedding): EmbeddingLayer(
    (embed_user_id): torch::nn::EmbeddingImpl(num_embeddings=500, embedding_dim=8)
    (embed_item_id): torch::nn::EmbeddingImpl(num_embeddings=1000, embedding_dim=8)
    (embed_cate_id): torch::nn::EmbeddingImpl(num_embeddings=50, embedding_dim=8)
  )
  (bottom_mlp): MLP(
    (sequential): torch::nn::SequentialImpl(
      (0): torch::nn::LinearImpl(in_features=24, out_features=32, bias=true)
      (1): torch::nn::ReLUImpl
    )
  )
  (tower_0): MLP(
    (sequential): torch::nn::SequentialImpl(
[vista] wrote interactive graph → /Users/muller/Documents/code/rust/javacpp-presets/pytorch/samples/out/vista-all/multi_task/SharedBottom.html
TraceGraph{nodes=17, edges=17} → SharedBottom.html
  [Input] user_id e=1
  [Input] item_id e=1
  [Input] cate_id e=1
  [Module] embedding.embed_user_id e=1
  [Module] embedding.embed_item_id e=1
  [Module] embedding.embed_cate_id e=1
  … +11 more

── multi_task/MetaHeac ──
MetaHeac(
  (embedding): EmbeddingLayer(
    (embed_user_id): torch::nn::EmbeddingImpl(num_embeddings=500, embedding_dim=8)
    (embed_item_id): torch::nn::EmbeddingImpl(num_embeddings=1000, embedding_dim=8)
    (embed_cate_id): torch::nn::EmbeddingImpl(num_embeddings=50, embedding_dim=8)
  )
  (taskEmbedding_0): MetaEmbedding(
    (embedding): torch::nn::EmbeddingImpl(num_embeddings=2, embedding_dim=8)
  )
  (taskEmbedding_1): MetaEmbedding(
    (embedding): torch::nn::EmbeddingImpl(num_embeddings=2, embedding_dim=8)
  )
  (expert_0): MLP(
    (sequential): torch::nn::SequentialImpl(
[vista] wrote interactive graph → /Users/muller/Documents/code/rust/javacpp-presets/pytorch/samples/out/vista-all/multi_task/MetaHeac.html
TraceGraph{nodes=22, edges=25} → MetaHeac.html
  [Input] user_id e=1
  [Input] item_id e=1
  [Input] cate_id e=1
  [Input] input_task e=2
  [Module] embedding.embed_user_id e=1
  [Module] embedding.embed_item_id e=1
  … +16 more

multi_task: ok=2 fail=0 skip=11

========== generative (12) ==========

── generative/HLLM ──
HLLM(
  (positionEmbedding): torch::nn::EmbeddingImpl(num_embeddings=16, embedding_dim=32)
  (transformer_blocks_0): HLLMTransformerBlock(
    (W_Q): torch::nn::LinearImpl(in_features=32, out_features=32, bias=true)
    (W_K): torch::nn::LinearImpl(in_features=32, out_features=32, bias=true)
    (W_V): torch::nn::LinearImpl(in_features=32, out_features=32, bias=true)
    (W_O): torch::nn::LinearImpl(in_features=32, out_features=32, bias=true)
    (ffn): torch::nn::SequentialImpl(
      (ffn_lin1): torch::nn::LinearImpl(in_features=32, out_features=128, bias=true)
      (ffn_relu): torch::nn::ReLUImpl
      (ffn_lin2): torch::nn::LinearImpl(in_features=128, out_features=32, bias=true)
    )
    (norm1): torch::nn::LayerNormImpl(normalized_shape=32, eps=1.0E-5, elementwise_affine=true)
    (norm2): torch::nn::LayerNormImpl(normalized_shape=32, eps=1.0E-5, elementwise_affine=true)
[vista] wrote interactive graph → /Users/muller/Documents/code/rust/javacpp-presets/pytorch/samples/out/vista-all/generative/HLLM.html
TraceGraph{nodes=14, edges=21} → HLLM.html
  [Input] input_0 e=9
  [Module] positionEmbedding e=1
  [Module] transformer_blocks_0.W_Q e=1
  [Module] transformer_blocks_0.W_K e=1
  [Module] transformer_blocks_0.W_V e=1
  [Module] transformer_blocks_0.W_O e=1
  … +8 more

── generative/LLM4Rec ──
LLM4Rec(
  (tokenEmbedding): torch::nn::EmbeddingImpl(num_embeddings=64, embedding_dim=32)
  (positionEmbedding): torch::nn::EmbeddingImpl(num_embeddings=17, embedding_dim=32)
  (preNorm): torch::nn::LayerNormImpl(normalized_shape=32, eps=1.0E-5, elementwise_affine=true)
)
[vista] wrote interactive graph → /Users/muller/Documents/code/rust/javacpp-presets/pytorch/samples/out/vista-all/generative/LLM4Rec.html
TraceGraph{nodes=6, edges=5} → LLM4Rec.html
  [Input] tokens e=1
  [Input] positions e=1
  [Module] tokenEmbedding e=1
  [Module] positionEmbedding e=1
  [Module] preNorm e=1
  [Output] output e=0

generative: ok=2 fail=0 skip=10

HTML root: /Users/muller/Documents/code/rust/javacpp-presets/pytorch/samples/out/vista-all
Controls: →LR ←RL ↓TB ↑BT · ＋/－ zoom · 🍡Cute 🌙Dark 💼Office · 📌 pin-drag · ⇩ Export
Gallery index: /Users/muller/Documents/code/rust/javacpp-presets/pytorch/samples/out/vista-all/index.html
