
=== MPI multi-rank worker (mpirun) ===

=== MPI multi-rank worker (mpirun) ===
torch_mpi: enabling native jnitorch_mpi (include=/opt/homebrew/Cellar/open-mpi/5.0.9_1/include, lib=/opt/homebrew/Cellar/open-mpi/5.0.9_1/lib, libtorchMpi=true, packaged=true)
torch_mpi: enabling native jnitorch_mpi (include=/opt/homebrew/Cellar/open-mpi/5.0.9_1/include, lib=/opt/homebrew/Cellar/open-mpi/5.0.9_1/lib, libtorchMpi=true, packaged=true)
torch_mpi: enabling native jnitorch_mpi (include=/opt/homebrew/Cellar/open-mpi/5.0.9_1/include, lib=/opt/homebrew/Cellar/open-mpi/5.0.9_1/lib, libtorchMpi=true, packaged=true)
torch_mpi: enabling native jnitorch_mpi (include=/opt/homebrew/Cellar/open-mpi/5.0.9_1/include, lib=/opt/homebrew/Cellar/open-mpi/5.0.9_1/lib, libtorchMpi=true, packaged=true)
  [mpi-probe] native OK rank=  [mpi-probe] native OK rank=0 size=2
1 size=2
  MPI rank=0 size=2 backend=  MPI rank=1mpi
 size=2 backend=mpi
  PASS  MPI rank>=0
  PASS  MPI size>=1
  PASS  MPI rank>=0
  PASS  MPI size>=1
  PASS  MPI direct allreduce sum==3.0
  PASS  MPI direct allreduce sum==3.0
  [mpi rank0] direct allreduce   [mpi rank1] direct allreduce 11.97 ms value=11.98 ms value=3.0 expect=3.0
3.0 expect=3.0
  PASS  MPI broadcast root0 == 7.0
  PASS  MPI broadcast root0 == 7.0
  PASS  MPI barrier ok
  PASS  MPI barrier ok
  PASS  MPI multi-thread coll (4/4)
  PASS  MPI multi-thread coll (4/4)
[DistributedStore] type=HASH rank=[DistributedStore] type=HASH rank=0 worldSize=01 path= worldSize=(in-memory/tcp)1 path=
(in-memory/tcp)
[Rank 0] ProcessGroup initialized backend=[Rank mpi device=1] ProcessGroup initialized backend=mpi device=org.bytedeco.pytorch.Device[address=0x8fc7036f0,position=0,limit=1,capacity=1,deallocator=org.bytedeco.javacpp.Pointer$NativeDeallocator[ownerAddress=0x8fc7036f0,deallocatorAddress=0x162d02938]] worldSize=2 debug=org.bytedeco.pytorch.Device[address=0x74ac10900,position=0,limit=1,capacity=1,deallocator=org.bytedeco.javacpp.Pointer$NativeDeallocator[ownerAddress=0x74ac10900,deallocatorAddress=0x164a6e938]]false worldSize=
2 debug=false
  PASS  wrapper backend contains mpi
  PASS  wrapper not local-only
  PASS  wrapper backend contains mpi
  PASS  wrapper not local-only
  PASS  wrapper MPI allreduce sum==3.0
  PASS  wrapper MPI allreduce sum==3.0
  PASS  wrapper MPI barrierWait
  PASS  wrapper MPI barrierWait

=== Results: 10 passed, 0 failed, 0 skipped ===

=== Results: 10 passed, 0 failed, 0 skipped ===
