=== Gloo/MPI multi-thread stress (single JVM) ===

=== T1 Gloo forceCollective world=1 ===
[DistributedStore] type=HASH rank=0 worldSize=1 path=(in-memory/tcp)
[W728 22:03:36.014169000 ProcessGroupGloo.cpp:555] Warning: Unable to resolve hostname to a (local) address. Using the loopback address as fallback. Manually set the network interface to bind to with GLOO_SOCKET_IFNAME. (function operator())
[Rank 0] ProcessGroup initialized backend=gloo device=org.bytedeco.pytorch.Device[address=0x8f57887b0,position=0,limit=1,capacity=1,deallocator=org.bytedeco.javacpp.Pointer$NativeDeallocator[ownerAddress=0x8f57887b0,deallocatorAddress=0x164d02938]] worldSize=1 debug=false
  PASS  T1 backend gloo
  PASS  T1 not local-only
  PASS  T1 allreduce preserves value@ws1
  PASS  T1 barrierWait ok

=== T2 concurrent Gloo PGs (8 threads, world=1 each) ===
[DistributedStore] type=HASH rank=0 worldSize=1 path=(in-memory/tcp)
[DistributedStore] type=HASH rank=0 worldSize=1 path=(in-memory/tcp)
[DistributedStore] type=HASH rank=0 worldSize=1 path=(in-memory/tcp)
[DistributedStore] type=HASH rank=0 worldSize=1 path=(in-memory/tcp)
[DistributedStore] type=HASH rank=0 worldSize=1 path=(in-memory/tcp)
[DistributedStore] type=HASH rank=0 worldSize=1 path=(in-memory/tcp)
[DistributedStore] type=HASH rank=0 worldSize=1 path=(in-memory/tcp)
[DistributedStore] type=HASH rank=0 worldSize=1 path=(in-memory/tcp)
[Rank 0] ProcessGroup initialized backend=gloo device=org.bytedeco.pytorch.Device[address=0x8f32d8f70,position=0,limit=1,capacity=1,deallocator=org.bytedeco.javacpp.Pointer$NativeDeallocator[ownerAddress=0x8f32d8f70,deallocatorAddress=0x164d02938]] worldSize=1 debug=false
[Rank 0] ProcessGroup initialized backend=gloo device=org.bytedeco.pytorch.Device[address=0x8f32d8f90,position=0,limit=1,capacity=1,deallocator=org.bytedeco.javacpp.Pointer$NativeDeallocator[ownerAddress=0x8f32d8f90,deallocatorAddress=0x164d02938]] worldSize=1 debug=false
[Rank 0] ProcessGroup initialized backend=gloo device=org.bytedeco.pytorch.Device[address=0x8f32d9020,position=0,limit=1,capacity=1,deallocator=org.bytedeco.javacpp.Pointer$NativeDeallocator[ownerAddress=0x8f32d9020,deallocatorAddress=0x164d02938]] worldSize=1 debug=false
[Rank 0] ProcessGroup initialized backend=gloo device=org.bytedeco.pytorch.Device[address=0x8f32d8fe0,position=0,limit=1,capacity=1,deallocator=org.bytedeco.javacpp.Pointer$NativeDeallocator[ownerAddress=0x8f32d8fe0,deallocatorAddress=0x164d02938]] worldSize=1 debug=false
[Rank 0] ProcessGroup initialized backend=gloo device=org.bytedeco.pytorch.Device[address=0x8f4fe0200,position=0,limit=1,capacity=1,deallocator=org.bytedeco.javacpp.Pointer$NativeDeallocator[ownerAddress=0x8f4fe0200,deallocatorAddress=0x164d02938]] worldSize=1 debug=false
[Rank 0] ProcessGroup initialized backend=gloo device=org.bytedeco.pytorch.Device[address=0x8f32d9010,position=0,limit=1,capacity=1,deallocator=org.bytedeco.javacpp.Pointer$NativeDeallocator[ownerAddress=0x8f32d9010,deallocatorAddress=0x164d02938]] worldSize=1 debug=false
[Rank 0] ProcessGroup initialized backend=gloo device=org.bytedeco.pytorch.Device[address=0x8f32d9040,position=0,limit=1,capacity=1,deallocator=org.bytedeco.javacpp.Pointer$NativeDeallocator[ownerAddress=0x8f32d9040,deallocatorAddress=0x164d02938]] worldSize=1 debug=false
[Rank 0] ProcessGroup initialized backend=gloo device=org.bytedeco.pytorch.Device[address=0x8f4fe0220,position=0,limit=1,capacity=1,deallocator=org.bytedeco.javacpp.Pointer$NativeDeallocator[ownerAddress=0x8f4fe0220,deallocatorAddress=0x164d02938]] worldSize=1 debug=false
  PASS  T2 all threads ok (8/8)
  T2 wall 5047.6 ms  (~63 coll/s)

=== T3 concurrent local NativeDDP (4 threads) ===
[DistributedStore] type=HASH rank=0 worldSize=1 path=(in-memory/tcp)
[DistributedStore] type=HASH rank=0 worldSize=1 path=(in-memory/tcp)
[DistributedStore] type=HASH rank=0 worldSize=1 path=(in-memory/tcp)
[DistributedStore] type=HASH rank=0 worldSize=1 path=(in-memory/tcp)
[Rank 0] ProcessGroup initialized backend=gloo device=org.bytedeco.pytorch.Device[address=0x8f4fe25f0,position=0,limit=1,capacity=1,deallocator=org.bytedeco.javacpp.Pointer$NativeDeallocator[ownerAddress=0x8f4fe25f0,deallocatorAddress=0x164d02938]] worldSize=1 debug=false
[Rank 0] ProcessGroup initialized backend=gloo device=org.bytedeco.pytorch.Device[address=0x8f32da700,position=0,limit=1,capacity=1,deallocator=org.bytedeco.javacpp.Pointer$NativeDeallocator[ownerAddress=0x8f32da700,deallocatorAddress=0x164d02938]] worldSize=1 debug=false
[Rank 0] ProcessGroup initialized backend=gloo device=org.bytedeco.pytorch.Device[address=0x8f4fe25d0,position=0,limit=1,capacity=1,deallocator=org.bytedeco.javacpp.Pointer$NativeDeallocator[ownerAddress=0x8f4fe25d0,deallocatorAddress=0x164d02938]] worldSize=1 debug=false
[Rank 0] ProcessGroup initialized backend=gloo device=org.bytedeco.pytorch.Device[address=0x8f4fe2610,position=0,limit=1,capacity=1,deallocator=org.bytedeco.javacpp.Pointer$NativeDeallocator[ownerAddress=0x8f4fe2610,deallocatorAddress=0x164d02938]] worldSize=1 debug=false
[NativeDDPTrainer] rank=0 worldSize=1 device=org.bytedeco.pytorch.Device[address=0x8f4fe25d0,position=0,limit=1,capacity=1,deallocator=org.bytedeco.javacpp.Pointer$NativeDeallocator[ownerAddress=0x8f4fe25d0,deallocatorAddress=0x164d02938]] mode=FALLBACK bucketCapBytes=26214400 initNote=worldSize<=1 — no collective needed
[NativeDDPTrainer] rank=0 worldSize=1 device=org.bytedeco.pytorch.Device[address=0x8f4fe2610,position=0,limit=1,capacity=1,deallocator=org.bytedeco.javacpp.Pointer$NativeDeallocator[ownerAddress=0x8f4fe2610,deallocatorAddress=0x164d02938]] mode=FALLBACK bucketCapBytes=26214400 initNote=worldSize<=1 — no collective needed
[NativeDDPTrainer] rank=0 worldSize=1 device=org.bytedeco.pytorch.Device[address=0x8f4fe25f0,position=0,limit=1,capacity=1,deallocator=org.bytedeco.javacpp.Pointer$NativeDeallocator[ownerAddress=0x8f4fe25f0,deallocatorAddress=0x164d02938]] mode=FALLBACK bucketCapBytes=26214400 initNote=worldSize<=1 — no collective needed
[NativeDDPTrainer] rank=0 worldSize=1 device=org.bytedeco.pytorch.Device[address=0x8f32da700,position=0,limit=1,capacity=1,deallocator=org.bytedeco.javacpp.Pointer$NativeDeallocator[ownerAddress=0x8f32da700,deallocatorAddress=0x164d02938]] mode=FALLBACK bucketCapBytes=26214400 initNote=worldSize<=1 — no collective needed
  PASS  T3 concurrent DDP (4/4)

=== T4 MPI ProcessGroupMPI create + world=1 allreduce ===
torch_mpi: enabling native jnitorch_mpi (include=/opt/homebrew/Cellar/open-mpi/5.0.9_1/include, lib=/opt/homebrew/Cellar/open-mpi/5.0.9_1/lib, libtorchMpi=true, packaged=true)
torch_mpi: enabling native jnitorch_mpi (include=/opt/homebrew/Cellar/open-mpi/5.0.9_1/include, lib=/opt/homebrew/Cellar/open-mpi/5.0.9_1/lib, libtorchMpi=true, packaged=true)
  [mpi-probe] native OK rank=0 size=1
  PASS  T4 MPI rank>=0
  PASS  T4 MPI size>=1
  MPI rank=0 size=1 backend=mpi
  PASS  T4 MPI allreduce@ws1 preserves 3.0
  PASS  T4 MPI barrier ok

=== T5 Gloo allreduce latency (world=1, N=50) ===
[DistributedStore] type=HASH rank=0 worldSize=1 path=(in-memory/tcp)
[Rank 0] ProcessGroup initialized backend=gloo device=org.bytedeco.pytorch.Device[address=0x8f5381660,position=0,limit=1,capacity=1,deallocator=org.bytedeco.javacpp.Pointer$NativeDeallocator[ownerAddress=0x8f5381660,deallocatorAddress=0x164d02938]] worldSize=1 debug=false
  allreduce p50=0.030 ms p95=0.066 ms p99=0.111 ms
  PASS  T5 p50 < 100ms

=== T6 MPI concurrent collectives (1 PG, 4 threads) ===
  PASS  T6 all threads ok (4/4)
  T6 wall 2.4 ms  (~40912 coll/s)

=== T7 ProcessGroupWrapper BackendType.MPI world=1 ===
[DistributedStore] type=HASH rank=0 worldSize=1 path=(in-memory/tcp)
[Rank 0] ProcessGroup initialized backend=mpi device=org.bytedeco.pytorch.Device[address=0x8f5381a80,position=0,limit=1,capacity=1,deallocator=org.bytedeco.javacpp.Pointer$NativeDeallocator[ownerAddress=0x8f5381a80,deallocatorAddress=0x164d02938]] worldSize=1 debug=false
  wrapper backend=mpi
  PASS  T7 backend is mpi
  PASS  T7 not local-only
  PASS  T7 allreduce preserves 4.0@ws1
  PASS  T7 barrierWait

=== T8 MPI allreduce latency (world=1, N=50) ===
  MPI allreduce p50=0.009 ms p95=0.021 ms p99=0.040 ms
  PASS  T8 MPI p50 < 100ms

=== Results: 17 passed, 0 failed, 0 skipped ===
