=== Gloo/MPI multi-thread stress (single JVM) ===

=== T1 Gloo forceCollective world=1 ===
  FAIL  T1 Gloo forceCollective
  detail: java.lang.UnsatisfiedLinkError: no jniopenblas_nolapack in java.library.path: /Users/muller/Library/Java/Extensions:/Library/Java/Extensions:/Network/Library/Java/Extensions:/System/Library/Java/Extensions:/usr/lib/java:.

=== T2 concurrent Gloo PGs (8 threads, world=1 each) ===
  FAIL  T2 all threads ok (0/8)
  first err: tid=6 java.lang.NoClassDefFoundError: Could not initialize class org.bytedeco.pytorch.distributed.DistributedStore
  T2 wall 3.1 ms  (~103844 coll/s)

=== T3 concurrent local NativeDDP (4 threads) ===
  FAIL  T3 concurrent DDP (0/4)
  first err: java.lang.NoClassDefFoundError: Could not initialize class org.bytedeco.pytorch.distributed.DistributedStore

=== T4 MPI ProcessGroupMPI create + world=1 allreduce ===
  SKIP  T4 MPI — NoClassDefFoundError: Could not initialize class org.bytedeco.openblas.global.openblas_nolapack

=== T5 Gloo allreduce latency (world=1, N=50) ===
Exception in thread "main" java.lang.NoClassDefFoundError: Could not initialize class org.bytedeco.pytorch.distributed.DistributedStore
	at distribute.BenchmarkGlooMpiStress.t5GlooAllreduceLatency(BenchmarkGlooMpiStress.java:494)
	at distribute.BenchmarkGlooMpiStress.runSingleProcess(BenchmarkGlooMpiStress.java:149)
	at distribute.BenchmarkGlooMpiStress.main(BenchmarkGlooMpiStress.java:115)
Caused by: java.lang.ExceptionInInitializerError: Exception java.lang.UnsatisfiedLinkError: no jniopenblas_nolapack in java.library.path: /Users/muller/Library/Java/Extensions:/Library/Java/Extensions:/Network/Library/Java/Extensions:/System/Library/Java/Extensions:/usr/lib/java:. [in thread "main"]
	at java.base/java.lang.ClassLoader.loadLibrary(ClassLoader.java:2322)
	at java.base/java.lang.Runtime.loadLibrary0(Runtime.java:822)
	at java.base/java.lang.System.loadLibrary(System.java:1686)
	at org.bytedeco.javacpp.Loader.loadLibrary(Loader.java:1832)
	at org.bytedeco.javacpp.Loader.load(Loader.java:1423)
	at org.bytedeco.javacpp.Loader.load(Loader.java:1234)
	at org.bytedeco.javacpp.Loader.load(Loader.java:1210)
	at org.bytedeco.openblas.global.openblas_nolapack.<clinit>(openblas_nolapack.java:12)
	at java.base/java.lang.Class.forName0(Native Method)
	at java.base/java.lang.Class.forName(Class.java:560)
	at org.bytedeco.javacpp.Loader.load(Loader.java:1289)
	at org.bytedeco.javacpp.Loader.load(Loader.java:1234)
	at org.bytedeco.javacpp.Loader.load(Loader.java:1226)
	at org.bytedeco.pytorch.distributed.DistributedStore.<clinit>(DistributedStore.java:54)
	at distribute.BenchmarkGlooMpiStress.t1GlooForceCollectiveWorld1(BenchmarkGlooMpiStress.java:341)
	at distribute.BenchmarkGlooMpiStress.runSingleProcess(BenchmarkGlooMpiStress.java:145)
	... 1 more
