=== VideoOps / OpenCVOps demo ===
video = /Users/muller/Documents/code/rust/javacpp-presets/pytorch/samples/fixtures/multimodal/test_video.mp4
image = /Users/muller/Documents/code/rust/javacpp-presets/pytorch/samples/fixtures/multimodal/test_image.jpg
WARNING: A restricted method in java.lang.System has been called
WARNING: java.lang.System::load has been called by org.bytedeco.javacpp.Loader in an unnamed module (file:/Users/muller/.m2/repository/org/bytedeco/javacpp/1.5.14-SNAPSHOT/javacpp-1.5.14-SNAPSHOT.jar)
WARNING: Use --enable-native-access=ALL-UNNAMED to avoid a warning for callers in this module
WARNING: Restricted methods will be blocked in a future release unless native access is enabled

caps  = {nativeLibav=true, cliFfmpeg=true, cliBinary=ffmpeg, ops=[probe, extractUniform, extractAtFps, extractEveryN, extractRange, frameAt, thumbnail, decodeAll, sampleForVlm, clip, trim, transcode, scale, concat, toGif, extractAudio, extractFramesToDir, setFps, stripAudio, writeTensorVideo, probeAll, extractUniformBatch]}
cv    = [preprocessImagenet, preprocessClip, preprocessLetterbox, preprocessVlmFrames, preprocessVlmFramesNorm, ocrBinarize, enhanceLowLight, denoise, ahash, isNearDuplicate, opticalFlow, frameDiffEnergy, motionProfile, augmentBasic, edges, stackResized]

[1] probe: VideoMeta{320x240 @15.0fps dur=125.93333333333334s frames≈1889 codec=h264 br=282823}

[2] extract frames
Warning: Loader.putMemberOffset(): java.lang.ClassNotFoundException: org.bytedeco.pytorch.BackendMetaPtr
Warning: Loader.putMemberOffset(): java.lang.ClassNotFoundException: org.bytedeco.pytorch.ExampleBatchMapper
Warning: Loader.putMemberOffset(): java.lang.ClassNotFoundException: org.bytedeco.pytorch.ExampleMapper
Warning: Loader.putMemberOffset(): java.lang.ClassNotFoundException: org.bytedeco.pytorch.OperationCreator
Warning: Loader.putMemberOffset(): java.lang.ClassNotFoundException: org.bytedeco.pytorch.TensorValueMapper
  thumbnail shape=[3,240,320]
  frameAt(~10%) shape=[3,240,320]
  extractUniform(8) n=8 first=[3,240,320]
  extractUniformStacked(4)=[4,3,240,320]
  extractAtFps(1.0, max=12) n=12

[3] VideoFile seek + every-N
  meta via file: 320x240 @15.0fps dur=125.93333333333334s codec=h264
  after seek extractEveryN(5,6) n=6

[4] sampleForVlm
  count=6 stacked=[6,3,240,320]

[5] OpenCVOps on keyframes
  letterbox 224 → [3,224,224]
  preprocessVlmFrames → [4,3,224,224]
  ahash=f8fcfcfcfc000030
  frameDiffEnergy(0,1)=66.459
  wrote debug frames under samples/out/video_ops_demo

[6] image preprocess
  imagenet=[3,224,224] clip=[3,224,224] ocrBin=[1,480,640]

[7] CLI FFmpeg ops (clip / frames-to-dir)
  clip → samples/out/video_ops_demo/clip_2s.mp4 (208214 bytes)
  extractFramesToDir(0.5fps) n=63 dir=samples/out/video_ops_demo/frames_1fps

=== done ===
